Archive member included to satisfy reference by file (symbol)

c:/st/stm32cubeide/stm32cubeide/plugins/com.st.stm32cube.ide.mcu.externaltools.gnu-tools-for-stm32.9-2020-q2-update.win32_2.0.0.202105311346/tools/bin/../lib/gcc/arm-none-eabi/9.3.1/../../../../arm-none-eabi/lib/thumb/v7e-m+fp/hard\libc_nano.a(lib_a-errno.o)
                              ./Src/syscalls.o (__errno)
c:/st/stm32cubeide/stm32cubeide/plugins/com.st.stm32cube.ide.mcu.externaltools.gnu-tools-for-stm32.9-2020-q2-update.win32_2.0.0.202105311346/tools/bin/../lib/gcc/arm-none-eabi/9.3.1/../../../../arm-none-eabi/lib/thumb/v7e-m+fp/hard\libc_nano.a(lib_a-exit.o)
                              c:/st/stm32cubeide/stm32cubeide/plugins/com.st.stm32cube.ide.mcu.externaltools.gnu-tools-for-stm32.9-2020-q2-update.win32_2.0.0.202105311346/tools/bin/../lib/gcc/arm-none-eabi/9.3.1/../../../../arm-none-eabi/lib/thumb/v7e-m+fp/hard/crt0.o (exit)
c:/st/stm32cubeide/stm32cubeide/plugins/com.st.stm32cube.ide.mcu.externaltools.gnu-tools-for-stm32.9-2020-q2-update.win32_2.0.0.202105311346/tools/bin/../lib/gcc/arm-none-eabi/9.3.1/../../../../arm-none-eabi/lib/thumb/v7e-m+fp/hard\libc_nano.a(lib_a-impure.o)
                              c:/st/stm32cubeide/stm32cubeide/plugins/com.st.stm32cube.ide.mcu.externaltools.gnu-tools-for-stm32.9-2020-q2-update.win32_2.0.0.202105311346/tools/bin/../lib/gcc/arm-none-eabi/9.3.1/../../../../arm-none-eabi/lib/thumb/v7e-m+fp/hard\libc_nano.a(lib_a-exit.o) (_global_impure_ptr)
c:/st/stm32cubeide/stm32cubeide/plugins/com.st.stm32cube.ide.mcu.externaltools.gnu-tools-for-stm32.9-2020-q2-update.win32_2.0.0.202105311346/tools/bin/../lib/gcc/arm-none-eabi/9.3.1/../../../../arm-none-eabi/lib/thumb/v7e-m+fp/hard\libc_nano.a(lib_a-init.o)
                              c:/st/stm32cubeide/stm32cubeide/plugins/com.st.stm32cube.ide.mcu.externaltools.gnu-tools-for-stm32.9-2020-q2-update.win32_2.0.0.202105311346/tools/bin/../lib/gcc/arm-none-eabi/9.3.1/../../../../arm-none-eabi/lib/thumb/v7e-m+fp/hard/crt0.o (__libc_init_array)
c:/st/stm32cubeide/stm32cubeide/plugins/com.st.stm32cube.ide.mcu.externaltools.gnu-tools-for-stm32.9-2020-q2-update.win32_2.0.0.202105311346/tools/bin/../lib/gcc/arm-none-eabi/9.3.1/../../../../arm-none-eabi/lib/thumb/v7e-m+fp/hard\libc_nano.a(lib_a-memset.o)
                              c:/st/stm32cubeide/stm32cubeide/plugins/com.st.stm32cube.ide.mcu.externaltools.gnu-tools-for-stm32.9-2020-q2-update.win32_2.0.0.202105311346/tools/bin/../lib/gcc/arm-none-eabi/9.3.1/../../../../arm-none-eabi/lib/thumb/v7e-m+fp/hard/crt0.o (memset)

Allocating common symbols
Common symbol       size              file

SYSTEM_MS           0x4               ./Src/systick.o
uart_dma_receiveBuffer
                    0x8               ./Src/main.o

Discarded input sections

 .text          0x0000000000000000        0x0 c:/st/stm32cubeide/stm32cubeide/plugins/com.st.stm32cube.ide.mcu.externaltools.gnu-tools-for-stm32.9-2020-q2-update.win32_2.0.0.202105311346/tools/bin/../lib/gcc/arm-none-eabi/9.3.1/thumb/v7e-m+fp/hard/crti.o
 .data          0x0000000000000000        0x0 c:/st/stm32cubeide/stm32cubeide/plugins/com.st.stm32cube.ide.mcu.externaltools.gnu-tools-for-stm32.9-2020-q2-update.win32_2.0.0.202105311346/tools/bin/../lib/gcc/arm-none-eabi/9.3.1/thumb/v7e-m+fp/hard/crti.o
 .bss           0x0000000000000000        0x0 c:/st/stm32cubeide/stm32cubeide/plugins/com.st.stm32cube.ide.mcu.externaltools.gnu-tools-for-stm32.9-2020-q2-update.win32_2.0.0.202105311346/tools/bin/../lib/gcc/arm-none-eabi/9.3.1/thumb/v7e-m+fp/hard/crti.o
 .data          0x0000000000000000        0x4 c:/st/stm32cubeide/stm32cubeide/plugins/com.st.stm32cube.ide.mcu.externaltools.gnu-tools-for-stm32.9-2020-q2-update.win32_2.0.0.202105311346/tools/bin/../lib/gcc/arm-none-eabi/9.3.1/thumb/v7e-m+fp/hard/crtbegin.o
 .text          0x0000000000000000       0x7c c:/st/stm32cubeide/stm32cubeide/plugins/com.st.stm32cube.ide.mcu.externaltools.gnu-tools-for-stm32.9-2020-q2-update.win32_2.0.0.202105311346/tools/bin/../lib/gcc/arm-none-eabi/9.3.1/../../../../arm-none-eabi/lib/thumb/v7e-m+fp/hard/crt0.o
 .data          0x0000000000000000        0x0 c:/st/stm32cubeide/stm32cubeide/plugins/com.st.stm32cube.ide.mcu.externaltools.gnu-tools-for-stm32.9-2020-q2-update.win32_2.0.0.202105311346/tools/bin/../lib/gcc/arm-none-eabi/9.3.1/../../../../arm-none-eabi/lib/thumb/v7e-m+fp/hard/crt0.o
 .bss           0x0000000000000000        0x0 c:/st/stm32cubeide/stm32cubeide/plugins/com.st.stm32cube.ide.mcu.externaltools.gnu-tools-for-stm32.9-2020-q2-update.win32_2.0.0.202105311346/tools/bin/../lib/gcc/arm-none-eabi/9.3.1/../../../../arm-none-eabi/lib/thumb/v7e-m+fp/hard/crt0.o
 .ARM.extab     0x0000000000000000        0x0 c:/st/stm32cubeide/stm32cubeide/plugins/com.st.stm32cube.ide.mcu.externaltools.gnu-tools-for-stm32.9-2020-q2-update.win32_2.0.0.202105311346/tools/bin/../lib/gcc/arm-none-eabi/9.3.1/../../../../arm-none-eabi/lib/thumb/v7e-m+fp/hard/crt0.o
 .ARM.exidx     0x0000000000000000       0x10 c:/st/stm32cubeide/stm32cubeide/plugins/com.st.stm32cube.ide.mcu.externaltools.gnu-tools-for-stm32.9-2020-q2-update.win32_2.0.0.202105311346/tools/bin/../lib/gcc/arm-none-eabi/9.3.1/../../../../arm-none-eabi/lib/thumb/v7e-m+fp/hard/crt0.o
 .ARM.attributes
                0x0000000000000000       0x1c c:/st/stm32cubeide/stm32cubeide/plugins/com.st.stm32cube.ide.mcu.externaltools.gnu-tools-for-stm32.9-2020-q2-update.win32_2.0.0.202105311346/tools/bin/../lib/gcc/arm-none-eabi/9.3.1/../../../../arm-none-eabi/lib/thumb/v7e-m+fp/hard/crt0.o
 .group         0x0000000000000000        0xc ./Src/dma.o
 .group         0x0000000000000000        0xc ./Src/dma.o
 .group         0x0000000000000000        0xc ./Src/dma.o
 .group         0x0000000000000000        0xc ./Src/dma.o
 .group         0x0000000000000000        0xc ./Src/dma.o
 .group         0x0000000000000000        0xc ./Src/dma.o
 .group         0x0000000000000000        0xc ./Src/dma.o
 .group         0x0000000000000000        0xc ./Src/dma.o
 .group         0x0000000000000000        0xc ./Src/dma.o
 .group         0x0000000000000000        0xc ./Src/dma.o
 .group         0x0000000000000000        0xc ./Src/dma.o
 .group         0x0000000000000000        0xc ./Src/dma.o
 .group         0x0000000000000000        0xc ./Src/dma.o
 .group         0x0000000000000000        0xc ./Src/dma.o
 .group         0x0000000000000000        0xc ./Src/dma.o
 .text          0x0000000000000000        0x0 ./Src/dma.o
 .data          0x0000000000000000        0x0 ./Src/dma.o
 .bss           0x0000000000000000        0x0 ./Src/dma.o
 .group         0x0000000000000000        0xc ./Src/el_utils.o
 .group         0x0000000000000000        0xc ./Src/el_utils.o
 .group         0x0000000000000000        0xc ./Src/el_utils.o
 .group         0x0000000000000000        0xc ./Src/el_utils.o
 .group         0x0000000000000000        0xc ./Src/el_utils.o
 .group         0x0000000000000000        0xc ./Src/el_utils.o
 .group         0x0000000000000000        0xc ./Src/el_utils.o
 .group         0x0000000000000000        0xc ./Src/el_utils.o
 .group         0x0000000000000000        0xc ./Src/el_utils.o
 .group         0x0000000000000000        0xc ./Src/el_utils.o
 .group         0x0000000000000000        0xc ./Src/el_utils.o
 .group         0x0000000000000000        0xc ./Src/el_utils.o
 .group         0x0000000000000000        0xc ./Src/el_utils.o
 .group         0x0000000000000000        0xc ./Src/el_utils.o
 .group         0x0000000000000000        0xc ./Src/el_utils.o
 .text          0x0000000000000000        0x0 ./Src/el_utils.o
 .data          0x0000000000000000        0x0 ./Src/el_utils.o
 .bss           0x0000000000000000        0x0 ./Src/el_utils.o
 .debug_macro   0x0000000000000000      0xaae ./Src/el_utils.o
 .debug_macro   0x0000000000000000       0x3b ./Src/el_utils.o
 .debug_macro   0x0000000000000000       0x22 ./Src/el_utils.o
 .debug_macro   0x0000000000000000       0x8e ./Src/el_utils.o
 .debug_macro   0x0000000000000000       0x51 ./Src/el_utils.o
 .debug_macro   0x0000000000000000      0x103 ./Src/el_utils.o
 .debug_macro   0x0000000000000000       0x6a ./Src/el_utils.o
 .debug_macro   0x0000000000000000      0x1df ./Src/el_utils.o
 .debug_macro   0x0000000000000000       0x1c ./Src/el_utils.o
 .debug_macro   0x0000000000000000       0x22 ./Src/el_utils.o
 .debug_macro   0x0000000000000000       0xdf ./Src/el_utils.o
 .debug_macro   0x0000000000000000     0x12cd ./Src/el_utils.o
 .debug_macro   0x0000000000000000      0x11f ./Src/el_utils.o
 .debug_macro   0x0000000000000000       0x19 ./Src/el_utils.o
 .debug_macro   0x0000000000000000    0x190f0 ./Src/el_utils.o
 .group         0x0000000000000000        0xc ./Src/gpio.o
 .group         0x0000000000000000        0xc ./Src/gpio.o
 .group         0x0000000000000000        0xc ./Src/gpio.o
 .group         0x0000000000000000        0xc ./Src/gpio.o
 .group         0x0000000000000000        0xc ./Src/gpio.o
 .group         0x0000000000000000        0xc ./Src/gpio.o
 .group         0x0000000000000000        0xc ./Src/gpio.o
 .group         0x0000000000000000        0xc ./Src/gpio.o
 .group         0x0000000000000000        0xc ./Src/gpio.o
 .group         0x0000000000000000        0xc ./Src/gpio.o
 .group         0x0000000000000000        0xc ./Src/gpio.o
 .group         0x0000000000000000        0xc ./Src/gpio.o
 .group         0x0000000000000000        0xc ./Src/gpio.o
 .group         0x0000000000000000        0xc ./Src/gpio.o
 .group         0x0000000000000000        0xc ./Src/gpio.o
 .text          0x0000000000000000        0x0 ./Src/gpio.o
 .data          0x0000000000000000        0x0 ./Src/gpio.o
 .bss           0x0000000000000000        0x0 ./Src/gpio.o
 .debug_macro   0x0000000000000000      0xaae ./Src/gpio.o
 .debug_macro   0x0000000000000000       0x3b ./Src/gpio.o
 .debug_macro   0x0000000000000000       0x22 ./Src/gpio.o
 .debug_macro   0x0000000000000000       0x8e ./Src/gpio.o
 .debug_macro   0x0000000000000000       0x51 ./Src/gpio.o
 .debug_macro   0x0000000000000000      0x103 ./Src/gpio.o
 .debug_macro   0x0000000000000000       0x6a ./Src/gpio.o
 .debug_macro   0x0000000000000000      0x1df ./Src/gpio.o
 .debug_macro   0x0000000000000000       0x1c ./Src/gpio.o
 .debug_macro   0x0000000000000000       0x22 ./Src/gpio.o
 .debug_macro   0x0000000000000000       0xdf ./Src/gpio.o
 .debug_macro   0x0000000000000000     0x12cd ./Src/gpio.o
 .debug_macro   0x0000000000000000      0x11f ./Src/gpio.o
 .debug_macro   0x0000000000000000       0x19 ./Src/gpio.o
 .debug_macro   0x0000000000000000    0x190f0 ./Src/gpio.o
 .group         0x0000000000000000        0xc ./Src/main.o
 .group         0x0000000000000000        0xc ./Src/main.o
 .group         0x0000000000000000        0xc ./Src/main.o
 .group         0x0000000000000000        0xc ./Src/main.o
 .group         0x0000000000000000        0xc ./Src/main.o
 .group         0x0000000000000000        0xc ./Src/main.o
 .group         0x0000000000000000        0xc ./Src/main.o
 .group         0x0000000000000000        0xc ./Src/main.o
 .group         0x0000000000000000        0xc ./Src/main.o
 .group         0x0000000000000000        0xc ./Src/main.o
 .group         0x0000000000000000        0xc ./Src/main.o
 .group         0x0000000000000000        0xc ./Src/main.o
 .group         0x0000000000000000        0xc ./Src/main.o
 .group         0x0000000000000000        0xc ./Src/main.o
 .group         0x0000000000000000        0xc ./Src/main.o
 .group         0x0000000000000000        0xc ./Src/main.o
 .group         0x0000000000000000        0xc ./Src/main.o
 .group         0x0000000000000000        0xc ./Src/main.o
 .group         0x0000000000000000        0xc ./Src/main.o
 .text          0x0000000000000000        0x0 ./Src/main.o
 .data          0x0000000000000000        0x0 ./Src/main.o
 .bss           0x0000000000000000        0x0 ./Src/main.o
 .debug_macro   0x0000000000000000      0xaae ./Src/main.o
 .debug_macro   0x0000000000000000       0x22 ./Src/main.o
 .debug_macro   0x0000000000000000       0x8e ./Src/main.o
 .debug_macro   0x0000000000000000       0x51 ./Src/main.o
 .debug_macro   0x0000000000000000      0x103 ./Src/main.o
 .debug_macro   0x0000000000000000       0x6a ./Src/main.o
 .debug_macro   0x0000000000000000      0x1df ./Src/main.o
 .debug_macro   0x0000000000000000       0x3b ./Src/main.o
 .debug_macro   0x0000000000000000       0x1c ./Src/main.o
 .debug_macro   0x0000000000000000       0x22 ./Src/main.o
 .debug_macro   0x0000000000000000       0xdf ./Src/main.o
 .debug_macro   0x0000000000000000     0x12cd ./Src/main.o
 .debug_macro   0x0000000000000000      0x11f ./Src/main.o
 .debug_macro   0x0000000000000000       0x19 ./Src/main.o
 .debug_macro   0x0000000000000000    0x190f0 ./Src/main.o
 COMMON         0x0000000000000000        0x8 ./Src/main.o
 .group         0x0000000000000000        0xc ./Src/nvic.o
 .group         0x0000000000000000        0xc ./Src/nvic.o
 .group         0x0000000000000000        0xc ./Src/nvic.o
 .group         0x0000000000000000        0xc ./Src/nvic.o
 .group         0x0000000000000000        0xc ./Src/nvic.o
 .group         0x0000000000000000        0xc ./Src/nvic.o
 .group         0x0000000000000000        0xc ./Src/nvic.o
 .group         0x0000000000000000        0xc ./Src/nvic.o
 .group         0x0000000000000000        0xc ./Src/nvic.o
 .group         0x0000000000000000        0xc ./Src/nvic.o
 .group         0x0000000000000000        0xc ./Src/nvic.o
 .group         0x0000000000000000        0xc ./Src/nvic.o
 .group         0x0000000000000000        0xc ./Src/nvic.o
 .group         0x0000000000000000        0xc ./Src/nvic.o
 .group         0x0000000000000000        0xc ./Src/nvic.o
 .text          0x0000000000000000        0x0 ./Src/nvic.o
 .data          0x0000000000000000        0x0 ./Src/nvic.o
 .bss           0x0000000000000000        0x0 ./Src/nvic.o
 .debug_macro   0x0000000000000000      0xaae ./Src/nvic.o
 .debug_macro   0x0000000000000000       0x3b ./Src/nvic.o
 .debug_macro   0x0000000000000000       0x22 ./Src/nvic.o
 .debug_macro   0x0000000000000000       0x8e ./Src/nvic.o
 .debug_macro   0x0000000000000000       0x51 ./Src/nvic.o
 .debug_macro   0x0000000000000000      0x103 ./Src/nvic.o
 .debug_macro   0x0000000000000000       0x6a ./Src/nvic.o
 .debug_macro   0x0000000000000000      0x1df ./Src/nvic.o
 .debug_macro   0x0000000000000000       0x1c ./Src/nvic.o
 .debug_macro   0x0000000000000000       0x22 ./Src/nvic.o
 .debug_macro   0x0000000000000000       0xdf ./Src/nvic.o
 .debug_macro   0x0000000000000000     0x12cd ./Src/nvic.o
 .debug_macro   0x0000000000000000      0x11f ./Src/nvic.o
 .debug_macro   0x0000000000000000       0x19 ./Src/nvic.o
 .debug_macro   0x0000000000000000    0x190f0 ./Src/nvic.o
 .group         0x0000000000000000        0xc ./Src/qspi.o
 .group         0x0000000000000000        0xc ./Src/qspi.o
 .group         0x0000000000000000        0xc ./Src/qspi.o
 .group         0x0000000000000000        0xc ./Src/qspi.o
 .group         0x0000000000000000        0xc ./Src/qspi.o
 .group         0x0000000000000000        0xc ./Src/qspi.o
 .group         0x0000000000000000        0xc ./Src/qspi.o
 .group         0x0000000000000000        0xc ./Src/qspi.o
 .group         0x0000000000000000        0xc ./Src/qspi.o
 .group         0x0000000000000000        0xc ./Src/qspi.o
 .group         0x0000000000000000        0xc ./Src/qspi.o
 .group         0x0000000000000000        0xc ./Src/qspi.o
 .group         0x0000000000000000        0xc ./Src/qspi.o
 .group         0x0000000000000000        0xc ./Src/qspi.o
 .group         0x0000000000000000        0xc ./Src/qspi.o
 .group         0x0000000000000000        0xc ./Src/qspi.o
 .group         0x0000000000000000        0xc ./Src/qspi.o
 .text          0x0000000000000000        0x0 ./Src/qspi.o
 .data          0x0000000000000000        0x0 ./Src/qspi.o
 .bss           0x0000000000000000        0x0 ./Src/qspi.o
 .debug_macro   0x0000000000000000      0xaae ./Src/qspi.o
 .debug_macro   0x0000000000000000       0x3b ./Src/qspi.o
 .debug_macro   0x0000000000000000       0x22 ./Src/qspi.o
 .debug_macro   0x0000000000000000       0x8e ./Src/qspi.o
 .debug_macro   0x0000000000000000       0x51 ./Src/qspi.o
 .debug_macro   0x0000000000000000      0x103 ./Src/qspi.o
 .debug_macro   0x0000000000000000       0x6a ./Src/qspi.o
 .debug_macro   0x0000000000000000      0x1df ./Src/qspi.o
 .debug_macro   0x0000000000000000       0x1c ./Src/qspi.o
 .debug_macro   0x0000000000000000       0x22 ./Src/qspi.o
 .debug_macro   0x0000000000000000       0xdf ./Src/qspi.o
 .debug_macro   0x0000000000000000     0x12cd ./Src/qspi.o
 .debug_macro   0x0000000000000000      0x11f ./Src/qspi.o
 .debug_macro   0x0000000000000000       0x19 ./Src/qspi.o
 .debug_macro   0x0000000000000000    0x190f0 ./Src/qspi.o
 .debug_macro   0x0000000000000000      0x18a ./Src/qspi.o
 .debug_macro   0x0000000000000000       0x4c ./Src/qspi.o
 .group         0x0000000000000000        0xc ./Src/rcc.o
 .group         0x0000000000000000        0xc ./Src/rcc.o
 .group         0x0000000000000000        0xc ./Src/rcc.o
 .group         0x0000000000000000        0xc ./Src/rcc.o
 .group         0x0000000000000000        0xc ./Src/rcc.o
 .group         0x0000000000000000        0xc ./Src/rcc.o
 .group         0x0000000000000000        0xc ./Src/rcc.o
 .group         0x0000000000000000        0xc ./Src/rcc.o
 .group         0x0000000000000000        0xc ./Src/rcc.o
 .group         0x0000000000000000        0xc ./Src/rcc.o
 .group         0x0000000000000000        0xc ./Src/rcc.o
 .group         0x0000000000000000        0xc ./Src/rcc.o
 .group         0x0000000000000000        0xc ./Src/rcc.o
 .group         0x0000000000000000        0xc ./Src/rcc.o
 .group         0x0000000000000000        0xc ./Src/rcc.o
 .text          0x0000000000000000        0x0 ./Src/rcc.o
 .data          0x0000000000000000        0x0 ./Src/rcc.o
 .bss           0x0000000000000000        0x0 ./Src/rcc.o
 .text.rcc_gptimer12
                0x0000000000000000       0x20 ./Src/rcc.o
 .text.rcc_gptimer5
                0x0000000000000000       0x20 ./Src/rcc.o
 .text.rcc_gptimer3
                0x0000000000000000       0x20 ./Src/rcc.o
 .text.rcc_advtmr1
                0x0000000000000000       0x20 ./Src/rcc.o
 .debug_macro   0x0000000000000000      0xaae ./Src/rcc.o
 .debug_macro   0x0000000000000000       0x3b ./Src/rcc.o
 .debug_macro   0x0000000000000000       0x22 ./Src/rcc.o
 .debug_macro   0x0000000000000000       0x8e ./Src/rcc.o
 .debug_macro   0x0000000000000000       0x51 ./Src/rcc.o
 .debug_macro   0x0000000000000000      0x103 ./Src/rcc.o
 .debug_macro   0x0000000000000000       0x6a ./Src/rcc.o
 .debug_macro   0x0000000000000000      0x1df ./Src/rcc.o
 .debug_macro   0x0000000000000000       0x1c ./Src/rcc.o
 .debug_macro   0x0000000000000000       0x22 ./Src/rcc.o
 .debug_macro   0x0000000000000000       0xdf ./Src/rcc.o
 .debug_macro   0x0000000000000000     0x12cd ./Src/rcc.o
 .debug_macro   0x0000000000000000      0x11f ./Src/rcc.o
 .debug_macro   0x0000000000000000       0x19 ./Src/rcc.o
 .debug_macro   0x0000000000000000    0x190f0 ./Src/rcc.o
 .group         0x0000000000000000        0xc ./Src/syscalls.o
 .group         0x0000000000000000        0xc ./Src/syscalls.o
 .group         0x0000000000000000        0xc ./Src/syscalls.o
 .group         0x0000000000000000        0xc ./Src/syscalls.o
 .group         0x0000000000000000        0xc ./Src/syscalls.o
 .group         0x0000000000000000        0xc ./Src/syscalls.o
 .group         0x0000000000000000        0xc ./Src/syscalls.o
 .group         0x0000000000000000        0xc ./Src/syscalls.o
 .group         0x0000000000000000        0xc ./Src/syscalls.o
 .group         0x0000000000000000        0xc ./Src/syscalls.o
 .group         0x0000000000000000        0xc ./Src/syscalls.o
 .group         0x0000000000000000        0xc ./Src/syscalls.o
 .group         0x0000000000000000        0xc ./Src/syscalls.o
 .group         0x0000000000000000        0xc ./Src/syscalls.o
 .group         0x0000000000000000        0xc ./Src/syscalls.o
 .group         0x0000000000000000        0xc ./Src/syscalls.o
 .group         0x0000000000000000        0xc ./Src/syscalls.o
 .group         0x0000000000000000        0xc ./Src/syscalls.o
 .group         0x0000000000000000        0xc ./Src/syscalls.o
 .group         0x0000000000000000        0xc ./Src/syscalls.o
 .group         0x0000000000000000        0xc ./Src/syscalls.o
 .group         0x0000000000000000        0xc ./Src/syscalls.o
 .group         0x0000000000000000        0xc ./Src/syscalls.o
 .group         0x0000000000000000        0xc ./Src/syscalls.o
 .group         0x0000000000000000        0xc ./Src/syscalls.o
 .group         0x0000000000000000        0xc ./Src/syscalls.o
 .group         0x0000000000000000        0xc ./Src/syscalls.o
 .group         0x0000000000000000        0xc ./Src/syscalls.o
 .group         0x0000000000000000        0xc ./Src/syscalls.o
 .group         0x0000000000000000        0xc ./Src/syscalls.o
 .group         0x0000000000000000        0xc ./Src/syscalls.o
 .group         0x0000000000000000        0xc ./Src/syscalls.o
 .group         0x0000000000000000        0xc ./Src/syscalls.o
 .group         0x0000000000000000        0xc ./Src/syscalls.o
 .group         0x0000000000000000        0xc ./Src/syscalls.o
 .group         0x0000000000000000        0xc ./Src/syscalls.o
 .group         0x0000000000000000        0xc ./Src/syscalls.o
 .group         0x0000000000000000        0xc ./Src/syscalls.o
 .group         0x0000000000000000        0xc ./Src/syscalls.o
 .group         0x0000000000000000        0xc ./Src/syscalls.o
 .group         0x0000000000000000        0xc ./Src/syscalls.o
 .group         0x0000000000000000        0xc ./Src/syscalls.o
 .group         0x0000000000000000        0xc ./Src/syscalls.o
 .group         0x0000000000000000        0xc ./Src/syscalls.o
 .group         0x0000000000000000        0xc ./Src/syscalls.o
 .group         0x0000000000000000        0xc ./Src/syscalls.o
 .group         0x0000000000000000        0xc ./Src/syscalls.o
 .text          0x0000000000000000        0x0 ./Src/syscalls.o
 .data          0x0000000000000000        0x0 ./Src/syscalls.o
 .bss           0x0000000000000000        0x0 ./Src/syscalls.o
 .bss.__env     0x0000000000000000        0x4 ./Src/syscalls.o
 .data.environ  0x0000000000000000        0x4 ./Src/syscalls.o
 .text.initialise_monitor_handles
                0x0000000000000000        0xe ./Src/syscalls.o
 .text._getpid  0x0000000000000000       0x10 ./Src/syscalls.o
 .text._kill    0x0000000000000000       0x20 ./Src/syscalls.o
 .text._exit    0x0000000000000000       0x14 ./Src/syscalls.o
 .text._read    0x0000000000000000       0x3a ./Src/syscalls.o
 .text._write   0x0000000000000000       0x38 ./Src/syscalls.o
 .text._close   0x0000000000000000       0x18 ./Src/syscalls.o
 .text._fstat   0x0000000000000000       0x20 ./Src/syscalls.o
 .text._isatty  0x0000000000000000       0x16 ./Src/syscalls.o
 .text._lseek   0x0000000000000000       0x1a ./Src/syscalls.o
 .text._open    0x0000000000000000       0x1c ./Src/syscalls.o
 .text._wait    0x0000000000000000       0x1e ./Src/syscalls.o
 .text._unlink  0x0000000000000000       0x1e ./Src/syscalls.o
 .text._times   0x0000000000000000       0x18 ./Src/syscalls.o
 .text._stat    0x0000000000000000       0x20 ./Src/syscalls.o
 .text._link    0x0000000000000000       0x20 ./Src/syscalls.o
 .text._fork    0x0000000000000000       0x16 ./Src/syscalls.o
 .text._execve  0x0000000000000000       0x22 ./Src/syscalls.o
 .debug_info    0x0000000000000000      0xfa8 ./Src/syscalls.o
 .debug_abbrev  0x0000000000000000      0x286 ./Src/syscalls.o
 .debug_aranges
                0x0000000000000000       0xa8 ./Src/syscalls.o
 .debug_ranges  0x0000000000000000       0x98 ./Src/syscalls.o
 .debug_macro   0x0000000000000000      0x24c ./Src/syscalls.o
 .debug_macro   0x0000000000000000      0xaae ./Src/syscalls.o
 .debug_macro   0x0000000000000000       0x22 ./Src/syscalls.o
 .debug_macro   0x0000000000000000       0x4c ./Src/syscalls.o
 .debug_macro   0x0000000000000000       0x18 ./Src/syscalls.o
 .debug_macro   0x0000000000000000       0x94 ./Src/syscalls.o
 .debug_macro   0x0000000000000000       0x3c ./Src/syscalls.o
 .debug_macro   0x0000000000000000       0x34 ./Src/syscalls.o
 .debug_macro   0x0000000000000000       0x57 ./Src/syscalls.o
 .debug_macro   0x0000000000000000      0x174 ./Src/syscalls.o
 .debug_macro   0x0000000000000000      0x339 ./Src/syscalls.o
 .debug_macro   0x0000000000000000       0x16 ./Src/syscalls.o
 .debug_macro   0x0000000000000000       0x43 ./Src/syscalls.o
 .debug_macro   0x0000000000000000       0x34 ./Src/syscalls.o
 .debug_macro   0x0000000000000000       0x10 ./Src/syscalls.o
 .debug_macro   0x0000000000000000       0x58 ./Src/syscalls.o
 .debug_macro   0x0000000000000000       0x71 ./Src/syscalls.o
 .debug_macro   0x0000000000000000       0x1c ./Src/syscalls.o
 .debug_macro   0x0000000000000000      0x12a ./Src/syscalls.o
 .debug_macro   0x0000000000000000       0x10 ./Src/syscalls.o
 .debug_macro   0x0000000000000000       0x35 ./Src/syscalls.o
 .debug_macro   0x0000000000000000       0x10 ./Src/syscalls.o
 .debug_macro   0x0000000000000000       0x10 ./Src/syscalls.o
 .debug_macro   0x0000000000000000       0x10 ./Src/syscalls.o
 .debug_macro   0x0000000000000000       0x6a ./Src/syscalls.o
 .debug_macro   0x0000000000000000       0x1c ./Src/syscalls.o
 .debug_macro   0x0000000000000000       0x52 ./Src/syscalls.o
 .debug_macro   0x0000000000000000       0x22 ./Src/syscalls.o
 .debug_macro   0x0000000000000000       0x10 ./Src/syscalls.o
 .debug_macro   0x0000000000000000       0x40 ./Src/syscalls.o
 .debug_macro   0x0000000000000000       0xd5 ./Src/syscalls.o
 .debug_macro   0x0000000000000000       0x1c ./Src/syscalls.o
 .debug_macro   0x0000000000000000       0x3d ./Src/syscalls.o
 .debug_macro   0x0000000000000000       0x35 ./Src/syscalls.o
 .debug_macro   0x0000000000000000      0x12c ./Src/syscalls.o
 .debug_macro   0x0000000000000000       0x16 ./Src/syscalls.o
 .debug_macro   0x0000000000000000       0x16 ./Src/syscalls.o
 .debug_macro   0x0000000000000000       0x29 ./Src/syscalls.o
 .debug_macro   0x0000000000000000       0x10 ./Src/syscalls.o
 .debug_macro   0x0000000000000000      0x241 ./Src/syscalls.o
 .debug_macro   0x0000000000000000       0x1c ./Src/syscalls.o
 .debug_macro   0x0000000000000000       0x10 ./Src/syscalls.o
 .debug_macro   0x0000000000000000       0x10 ./Src/syscalls.o
 .debug_macro   0x0000000000000000       0x16 ./Src/syscalls.o
 .debug_macro   0x0000000000000000      0x145 ./Src/syscalls.o
 .debug_macro   0x0000000000000000      0x189 ./Src/syscalls.o
 .debug_macro   0x0000000000000000       0x16 ./Src/syscalls.o
 .debug_macro   0x0000000000000000       0xce ./Src/syscalls.o
 .debug_line    0x0000000000000000      0x7df ./Src/syscalls.o
 .debug_str     0x0000000000000000     0x8ebf ./Src/syscalls.o
 .comment       0x0000000000000000       0x54 ./Src/syscalls.o
 .debug_frame   0x0000000000000000      0x2ac ./Src/syscalls.o
 .ARM.attributes
                0x0000000000000000       0x34 ./Src/syscalls.o
 .group         0x0000000000000000        0xc ./Src/sysmem.o
 .group         0x0000000000000000        0xc ./Src/sysmem.o
 .group         0x0000000000000000        0xc ./Src/sysmem.o
 .group         0x0000000000000000        0xc ./Src/sysmem.o
 .group         0x0000000000000000        0xc ./Src/sysmem.o
 .group         0x0000000000000000        0xc ./Src/sysmem.o
 .group         0x0000000000000000        0xc ./Src/sysmem.o
 .group         0x0000000000000000        0xc ./Src/sysmem.o
 .group         0x0000000000000000        0xc ./Src/sysmem.o
 .group         0x0000000000000000        0xc ./Src/sysmem.o
 .group         0x0000000000000000        0xc ./Src/sysmem.o
 .group         0x0000000000000000        0xc ./Src/sysmem.o
 .group         0x0000000000000000        0xc ./Src/sysmem.o
 .group         0x0000000000000000        0xc ./Src/sysmem.o
 .group         0x0000000000000000        0xc ./Src/sysmem.o
 .group         0x0000000000000000        0xc ./Src/sysmem.o
 .group         0x0000000000000000        0xc ./Src/sysmem.o
 .group         0x0000000000000000        0xc ./Src/sysmem.o
 .group         0x0000000000000000        0xc ./Src/sysmem.o
 .group         0x0000000000000000        0xc ./Src/sysmem.o
 .group         0x0000000000000000        0xc ./Src/sysmem.o
 .group         0x0000000000000000        0xc ./Src/sysmem.o
 .text          0x0000000000000000        0x0 ./Src/sysmem.o
 .data          0x0000000000000000        0x0 ./Src/sysmem.o
 .bss           0x0000000000000000        0x0 ./Src/sysmem.o
 .bss.__sbrk_heap_end
                0x0000000000000000        0x4 ./Src/sysmem.o
 .text._sbrk    0x0000000000000000       0x6c ./Src/sysmem.o
 .debug_info    0x0000000000000000      0xa25 ./Src/sysmem.o
 .debug_abbrev  0x0000000000000000      0x1bf ./Src/sysmem.o
 .debug_aranges
                0x0000000000000000       0x20 ./Src/sysmem.o
 .debug_ranges  0x0000000000000000       0x10 ./Src/sysmem.o
 .debug_macro   0x0000000000000000       0xff ./Src/sysmem.o
 .debug_macro   0x0000000000000000      0xaae ./Src/sysmem.o
 .debug_macro   0x0000000000000000       0x10 ./Src/sysmem.o
 .debug_macro   0x0000000000000000       0x22 ./Src/sysmem.o
 .debug_macro   0x0000000000000000       0x4c ./Src/sysmem.o
 .debug_macro   0x0000000000000000       0x18 ./Src/sysmem.o
 .debug_macro   0x0000000000000000       0x94 ./Src/sysmem.o
 .debug_macro   0x0000000000000000       0x3c ./Src/sysmem.o
 .debug_macro   0x0000000000000000       0x34 ./Src/sysmem.o
 .debug_macro   0x0000000000000000      0x174 ./Src/sysmem.o
 .debug_macro   0x0000000000000000       0x16 ./Src/sysmem.o
 .debug_macro   0x0000000000000000       0x43 ./Src/sysmem.o
 .debug_macro   0x0000000000000000       0x57 ./Src/sysmem.o
 .debug_macro   0x0000000000000000       0x34 ./Src/sysmem.o
 .debug_macro   0x0000000000000000       0x10 ./Src/sysmem.o
 .debug_macro   0x0000000000000000       0x58 ./Src/sysmem.o
 .debug_macro   0x0000000000000000       0x71 ./Src/sysmem.o
 .debug_macro   0x0000000000000000       0x1c ./Src/sysmem.o
 .debug_macro   0x0000000000000000      0x12a ./Src/sysmem.o
 .debug_macro   0x0000000000000000      0x23b ./Src/sysmem.o
 .debug_macro   0x0000000000000000      0x103 ./Src/sysmem.o
 .debug_macro   0x0000000000000000       0x6a ./Src/sysmem.o
 .debug_macro   0x0000000000000000      0x1df ./Src/sysmem.o
 .debug_line    0x0000000000000000      0x4d5 ./Src/sysmem.o
 .debug_str     0x0000000000000000     0x6292 ./Src/sysmem.o
 .comment       0x0000000000000000       0x54 ./Src/sysmem.o
 .debug_frame   0x0000000000000000       0x34 ./Src/sysmem.o
 .ARM.attributes
                0x0000000000000000       0x34 ./Src/sysmem.o
 .group         0x0000000000000000        0xc ./Src/systick.o
 .group         0x0000000000000000        0xc ./Src/systick.o
 .group         0x0000000000000000        0xc ./Src/systick.o
 .group         0x0000000000000000        0xc ./Src/systick.o
 .group         0x0000000000000000        0xc ./Src/systick.o
 .group         0x0000000000000000        0xc ./Src/systick.o
 .group         0x0000000000000000        0xc ./Src/systick.o
 .group         0x0000000000000000        0xc ./Src/systick.o
 .group         0x0000000000000000        0xc ./Src/systick.o
 .group         0x0000000000000000        0xc ./Src/systick.o
 .group         0x0000000000000000        0xc ./Src/systick.o
 .group         0x0000000000000000        0xc ./Src/systick.o
 .group         0x0000000000000000        0xc ./Src/systick.o
 .group         0x0000000000000000        0xc ./Src/systick.o
 .group         0x0000000000000000        0xc ./Src/systick.o
 .text          0x0000000000000000        0x0 ./Src/systick.o
 .data          0x0000000000000000        0x0 ./Src/systick.o
 .bss           0x0000000000000000        0x0 ./Src/systick.o
 .debug_macro   0x0000000000000000      0xaae ./Src/systick.o
 .debug_macro   0x0000000000000000       0x3b ./Src/systick.o
 .debug_macro   0x0000000000000000       0x22 ./Src/systick.o
 .debug_macro   0x0000000000000000       0x8e ./Src/systick.o
 .debug_macro   0x0000000000000000       0x51 ./Src/systick.o
 .debug_macro   0x0000000000000000      0x103 ./Src/systick.o
 .debug_macro   0x0000000000000000       0x6a ./Src/systick.o
 .debug_macro   0x0000000000000000      0x1df ./Src/systick.o
 .debug_macro   0x0000000000000000       0x1c ./Src/systick.o
 .debug_macro   0x0000000000000000       0x22 ./Src/systick.o
 .debug_macro   0x0000000000000000       0xdf ./Src/systick.o
 .debug_macro   0x0000000000000000     0x12cd ./Src/systick.o
 .debug_macro   0x0000000000000000      0x11f ./Src/systick.o
 .debug_macro   0x0000000000000000       0x19 ./Src/systick.o
 .debug_macro   0x0000000000000000    0x190f0 ./Src/systick.o
 .group         0x0000000000000000        0xc ./Src/usart.o
 .group         0x0000000000000000        0xc ./Src/usart.o
 .group         0x0000000000000000        0xc ./Src/usart.o
 .group         0x0000000000000000        0xc ./Src/usart.o
 .group         0x0000000000000000        0xc ./Src/usart.o
 .group         0x0000000000000000        0xc ./Src/usart.o
 .group         0x0000000000000000        0xc ./Src/usart.o
 .group         0x0000000000000000        0xc ./Src/usart.o
 .group         0x0000000000000000        0xc ./Src/usart.o
 .group         0x0000000000000000        0xc ./Src/usart.o
 .group         0x0000000000000000        0xc ./Src/usart.o
 .group         0x0000000000000000        0xc ./Src/usart.o
 .group         0x0000000000000000        0xc ./Src/usart.o
 .group         0x0000000000000000        0xc ./Src/usart.o
 .group         0x0000000000000000        0xc ./Src/usart.o
 .text          0x0000000000000000        0x0 ./Src/usart.o
 .data          0x0000000000000000        0x0 ./Src/usart.o
 .bss           0x0000000000000000        0x0 ./Src/usart.o
 .text.usart_disable
                0x0000000000000000       0x24 ./Src/usart.o
 .text.usart_disable_tx
                0x0000000000000000       0x24 ./Src/usart.o
 .text.usart_disable_rx
                0x0000000000000000       0x24 ./Src/usart.o
 .text.usart_dma_receiveArray
                0x0000000000000000       0x3c ./Src/usart.o
 .debug_macro   0x0000000000000000      0xaae ./Src/usart.o
 .debug_macro   0x0000000000000000       0x3b ./Src/usart.o
 .debug_macro   0x0000000000000000       0x22 ./Src/usart.o
 .debug_macro   0x0000000000000000       0x8e ./Src/usart.o
 .debug_macro   0x0000000000000000       0x51 ./Src/usart.o
 .debug_macro   0x0000000000000000      0x103 ./Src/usart.o
 .debug_macro   0x0000000000000000       0x6a ./Src/usart.o
 .debug_macro   0x0000000000000000      0x1df ./Src/usart.o
 .debug_macro   0x0000000000000000       0x1c ./Src/usart.o
 .debug_macro   0x0000000000000000       0x22 ./Src/usart.o
 .debug_macro   0x0000000000000000       0xdf ./Src/usart.o
 .debug_macro   0x0000000000000000     0x12cd ./Src/usart.o
 .debug_macro   0x0000000000000000      0x11f ./Src/usart.o
 .debug_macro   0x0000000000000000       0x19 ./Src/usart.o
 .debug_macro   0x0000000000000000    0x190f0 ./Src/usart.o
 .text          0x0000000000000000       0x14 ./Startup/startup_stm32f746nghx.o
 .data          0x0000000000000000        0x0 ./Startup/startup_stm32f746nghx.o
 .bss           0x0000000000000000        0x0 ./Startup/startup_stm32f746nghx.o
 .text          0x0000000000000000        0x0 c:/st/stm32cubeide/stm32cubeide/plugins/com.st.stm32cube.ide.mcu.externaltools.gnu-tools-for-stm32.9-2020-q2-update.win32_2.0.0.202105311346/tools/bin/../lib/gcc/arm-none-eabi/9.3.1/../../../../arm-none-eabi/lib/thumb/v7e-m+fp/hard\libc_nano.a(lib_a-errno.o)
 .data          0x0000000000000000        0x0 c:/st/stm32cubeide/stm32cubeide/plugins/com.st.stm32cube.ide.mcu.externaltools.gnu-tools-for-stm32.9-2020-q2-update.win32_2.0.0.202105311346/tools/bin/../lib/gcc/arm-none-eabi/9.3.1/../../../../arm-none-eabi/lib/thumb/v7e-m+fp/hard\libc_nano.a(lib_a-errno.o)
 .bss           0x0000000000000000        0x0 c:/st/stm32cubeide/stm32cubeide/plugins/com.st.stm32cube.ide.mcu.externaltools.gnu-tools-for-stm32.9-2020-q2-update.win32_2.0.0.202105311346/tools/bin/../lib/gcc/arm-none-eabi/9.3.1/../../../../arm-none-eabi/lib/thumb/v7e-m+fp/hard\libc_nano.a(lib_a-errno.o)
 .text.__errno  0x0000000000000000        0xc c:/st/stm32cubeide/stm32cubeide/plugins/com.st.stm32cube.ide.mcu.externaltools.gnu-tools-for-stm32.9-2020-q2-update.win32_2.0.0.202105311346/tools/bin/../lib/gcc/arm-none-eabi/9.3.1/../../../../arm-none-eabi/lib/thumb/v7e-m+fp/hard\libc_nano.a(lib_a-errno.o)
 .debug_frame   0x0000000000000000       0x20 c:/st/stm32cubeide/stm32cubeide/plugins/com.st.stm32cube.ide.mcu.externaltools.gnu-tools-for-stm32.9-2020-q2-update.win32_2.0.0.202105311346/tools/bin/../lib/gcc/arm-none-eabi/9.3.1/../../../../arm-none-eabi/lib/thumb/v7e-m+fp/hard\libc_nano.a(lib_a-errno.o)
 .ARM.attributes
                0x0000000000000000       0x34 c:/st/stm32cubeide/stm32cubeide/plugins/com.st.stm32cube.ide.mcu.externaltools.gnu-tools-for-stm32.9-2020-q2-update.win32_2.0.0.202105311346/tools/bin/../lib/gcc/arm-none-eabi/9.3.1/../../../../arm-none-eabi/lib/thumb/v7e-m+fp/hard\libc_nano.a(lib_a-errno.o)
 .text          0x0000000000000000        0x0 c:/st/stm32cubeide/stm32cubeide/plugins/com.st.stm32cube.ide.mcu.externaltools.gnu-tools-for-stm32.9-2020-q2-update.win32_2.0.0.202105311346/tools/bin/../lib/gcc/arm-none-eabi/9.3.1/../../../../arm-none-eabi/lib/thumb/v7e-m+fp/hard\libc_nano.a(lib_a-exit.o)
 .data          0x0000000000000000        0x0 c:/st/stm32cubeide/stm32cubeide/plugins/com.st.stm32cube.ide.mcu.externaltools.gnu-tools-for-stm32.9-2020-q2-update.win32_2.0.0.202105311346/tools/bin/../lib/gcc/arm-none-eabi/9.3.1/../../../../arm-none-eabi/lib/thumb/v7e-m+fp/hard\libc_nano.a(lib_a-exit.o)
 .bss           0x0000000000000000        0x0 c:/st/stm32cubeide/stm32cubeide/plugins/com.st.stm32cube.ide.mcu.externaltools.gnu-tools-for-stm32.9-2020-q2-update.win32_2.0.0.202105311346/tools/bin/../lib/gcc/arm-none-eabi/9.3.1/../../../../arm-none-eabi/lib/thumb/v7e-m+fp/hard\libc_nano.a(lib_a-exit.o)
 .text.exit     0x0000000000000000       0x28 c:/st/stm32cubeide/stm32cubeide/plugins/com.st.stm32cube.ide.mcu.externaltools.gnu-tools-for-stm32.9-2020-q2-update.win32_2.0.0.202105311346/tools/bin/../lib/gcc/arm-none-eabi/9.3.1/../../../../arm-none-eabi/lib/thumb/v7e-m+fp/hard\libc_nano.a(lib_a-exit.o)
 .debug_frame   0x0000000000000000       0x28 c:/st/stm32cubeide/stm32cubeide/plugins/com.st.stm32cube.ide.mcu.externaltools.gnu-tools-for-stm32.9-2020-q2-update.win32_2.0.0.202105311346/tools/bin/../lib/gcc/arm-none-eabi/9.3.1/../../../../arm-none-eabi/lib/thumb/v7e-m+fp/hard\libc_nano.a(lib_a-exit.o)
 .ARM.attributes
                0x0000000000000000       0x34 c:/st/stm32cubeide/stm32cubeide/plugins/com.st.stm32cube.ide.mcu.externaltools.gnu-tools-for-stm32.9-2020-q2-update.win32_2.0.0.202105311346/tools/bin/../lib/gcc/arm-none-eabi/9.3.1/../../../../arm-none-eabi/lib/thumb/v7e-m+fp/hard\libc_nano.a(lib_a-exit.o)
 .text          0x0000000000000000        0x0 c:/st/stm32cubeide/stm32cubeide/plugins/com.st.stm32cube.ide.mcu.externaltools.gnu-tools-for-stm32.9-2020-q2-update.win32_2.0.0.202105311346/tools/bin/../lib/gcc/arm-none-eabi/9.3.1/../../../../arm-none-eabi/lib/thumb/v7e-m+fp/hard\libc_nano.a(lib_a-impure.o)
 .data          0x0000000000000000        0x0 c:/st/stm32cubeide/stm32cubeide/plugins/com.st.stm32cube.ide.mcu.externaltools.gnu-tools-for-stm32.9-2020-q2-update.win32_2.0.0.202105311346/tools/bin/../lib/gcc/arm-none-eabi/9.3.1/../../../../arm-none-eabi/lib/thumb/v7e-m+fp/hard\libc_nano.a(lib_a-impure.o)
 .bss           0x0000000000000000        0x0 c:/st/stm32cubeide/stm32cubeide/plugins/com.st.stm32cube.ide.mcu.externaltools.gnu-tools-for-stm32.9-2020-q2-update.win32_2.0.0.202105311346/tools/bin/../lib/gcc/arm-none-eabi/9.3.1/../../../../arm-none-eabi/lib/thumb/v7e-m+fp/hard\libc_nano.a(lib_a-impure.o)
 .data._impure_ptr
                0x0000000000000000        0x4 c:/st/stm32cubeide/stm32cubeide/plugins/com.st.stm32cube.ide.mcu.externaltools.gnu-tools-for-stm32.9-2020-q2-update.win32_2.0.0.202105311346/tools/bin/../lib/gcc/arm-none-eabi/9.3.1/../../../../arm-none-eabi/lib/thumb/v7e-m+fp/hard\libc_nano.a(lib_a-impure.o)
 .data.impure_data
                0x0000000000000000       0x60 c:/st/stm32cubeide/stm32cubeide/plugins/com.st.stm32cube.ide.mcu.externaltools.gnu-tools-for-stm32.9-2020-q2-update.win32_2.0.0.202105311346/tools/bin/../lib/gcc/arm-none-eabi/9.3.1/../../../../arm-none-eabi/lib/thumb/v7e-m+fp/hard\libc_nano.a(lib_a-impure.o)
 .rodata._global_impure_ptr
                0x0000000000000000        0x4 c:/st/stm32cubeide/stm32cubeide/plugins/com.st.stm32cube.ide.mcu.externaltools.gnu-tools-for-stm32.9-2020-q2-update.win32_2.0.0.202105311346/tools/bin/../lib/gcc/arm-none-eabi/9.3.1/../../../../arm-none-eabi/lib/thumb/v7e-m+fp/hard\libc_nano.a(lib_a-impure.o)
 .ARM.attributes
                0x0000000000000000       0x32 c:/st/stm32cubeide/stm32cubeide/plugins/com.st.stm32cube.ide.mcu.externaltools.gnu-tools-for-stm32.9-2020-q2-update.win32_2.0.0.202105311346/tools/bin/../lib/gcc/arm-none-eabi/9.3.1/../../../../arm-none-eabi/lib/thumb/v7e-m+fp/hard\libc_nano.a(lib_a-impure.o)
 .text          0x0000000000000000        0x0 c:/st/stm32cubeide/stm32cubeide/plugins/com.st.stm32cube.ide.mcu.externaltools.gnu-tools-for-stm32.9-2020-q2-update.win32_2.0.0.202105311346/tools/bin/../lib/gcc/arm-none-eabi/9.3.1/../../../../arm-none-eabi/lib/thumb/v7e-m+fp/hard\libc_nano.a(lib_a-init.o)
 .data          0x0000000000000000        0x0 c:/st/stm32cubeide/stm32cubeide/plugins/com.st.stm32cube.ide.mcu.externaltools.gnu-tools-for-stm32.9-2020-q2-update.win32_2.0.0.202105311346/tools/bin/../lib/gcc/arm-none-eabi/9.3.1/../../../../arm-none-eabi/lib/thumb/v7e-m+fp/hard\libc_nano.a(lib_a-init.o)
 .bss           0x0000000000000000        0x0 c:/st/stm32cubeide/stm32cubeide/plugins/com.st.stm32cube.ide.mcu.externaltools.gnu-tools-for-stm32.9-2020-q2-update.win32_2.0.0.202105311346/tools/bin/../lib/gcc/arm-none-eabi/9.3.1/../../../../arm-none-eabi/lib/thumb/v7e-m+fp/hard\libc_nano.a(lib_a-init.o)
 .text          0x0000000000000000        0x0 c:/st/stm32cubeide/stm32cubeide/plugins/com.st.stm32cube.ide.mcu.externaltools.gnu-tools-for-stm32.9-2020-q2-update.win32_2.0.0.202105311346/tools/bin/../lib/gcc/arm-none-eabi/9.3.1/../../../../arm-none-eabi/lib/thumb/v7e-m+fp/hard\libc_nano.a(lib_a-memset.o)
 .data          0x0000000000000000        0x0 c:/st/stm32cubeide/stm32cubeide/plugins/com.st.stm32cube.ide.mcu.externaltools.gnu-tools-for-stm32.9-2020-q2-update.win32_2.0.0.202105311346/tools/bin/../lib/gcc/arm-none-eabi/9.3.1/../../../../arm-none-eabi/lib/thumb/v7e-m+fp/hard\libc_nano.a(lib_a-memset.o)
 .bss           0x0000000000000000        0x0 c:/st/stm32cubeide/stm32cubeide/plugins/com.st.stm32cube.ide.mcu.externaltools.gnu-tools-for-stm32.9-2020-q2-update.win32_2.0.0.202105311346/tools/bin/../lib/gcc/arm-none-eabi/9.3.1/../../../../arm-none-eabi/lib/thumb/v7e-m+fp/hard\libc_nano.a(lib_a-memset.o)
 .text.memset   0x0000000000000000       0x10 c:/st/stm32cubeide/stm32cubeide/plugins/com.st.stm32cube.ide.mcu.externaltools.gnu-tools-for-stm32.9-2020-q2-update.win32_2.0.0.202105311346/tools/bin/../lib/gcc/arm-none-eabi/9.3.1/../../../../arm-none-eabi/lib/thumb/v7e-m+fp/hard\libc_nano.a(lib_a-memset.o)
 .debug_frame   0x0000000000000000       0x20 c:/st/stm32cubeide/stm32cubeide/plugins/com.st.stm32cube.ide.mcu.externaltools.gnu-tools-for-stm32.9-2020-q2-update.win32_2.0.0.202105311346/tools/bin/../lib/gcc/arm-none-eabi/9.3.1/../../../../arm-none-eabi/lib/thumb/v7e-m+fp/hard\libc_nano.a(lib_a-memset.o)
 .ARM.attributes
                0x0000000000000000       0x34 c:/st/stm32cubeide/stm32cubeide/plugins/com.st.stm32cube.ide.mcu.externaltools.gnu-tools-for-stm32.9-2020-q2-update.win32_2.0.0.202105311346/tools/bin/../lib/gcc/arm-none-eabi/9.3.1/../../../../arm-none-eabi/lib/thumb/v7e-m+fp/hard\libc_nano.a(lib_a-memset.o)
 .text          0x0000000000000000        0x0 c:/st/stm32cubeide/stm32cubeide/plugins/com.st.stm32cube.ide.mcu.externaltools.gnu-tools-for-stm32.9-2020-q2-update.win32_2.0.0.202105311346/tools/bin/../lib/gcc/arm-none-eabi/9.3.1/thumb/v7e-m+fp/hard/crtend.o
 .data          0x0000000000000000        0x0 c:/st/stm32cubeide/stm32cubeide/plugins/com.st.stm32cube.ide.mcu.externaltools.gnu-tools-for-stm32.9-2020-q2-update.win32_2.0.0.202105311346/tools/bin/../lib/gcc/arm-none-eabi/9.3.1/thumb/v7e-m+fp/hard/crtend.o
 .bss           0x0000000000000000        0x0 c:/st/stm32cubeide/stm32cubeide/plugins/com.st.stm32cube.ide.mcu.externaltools.gnu-tools-for-stm32.9-2020-q2-update.win32_2.0.0.202105311346/tools/bin/../lib/gcc/arm-none-eabi/9.3.1/thumb/v7e-m+fp/hard/crtend.o
 .eh_frame      0x0000000000000000        0x4 c:/st/stm32cubeide/stm32cubeide/plugins/com.st.stm32cube.ide.mcu.externaltools.gnu-tools-for-stm32.9-2020-q2-update.win32_2.0.0.202105311346/tools/bin/../lib/gcc/arm-none-eabi/9.3.1/thumb/v7e-m+fp/hard/crtend.o
 .ARM.attributes
                0x0000000000000000       0x32 c:/st/stm32cubeide/stm32cubeide/plugins/com.st.stm32cube.ide.mcu.externaltools.gnu-tools-for-stm32.9-2020-q2-update.win32_2.0.0.202105311346/tools/bin/../lib/gcc/arm-none-eabi/9.3.1/thumb/v7e-m+fp/hard/crtend.o
 .text          0x0000000000000000        0x0 c:/st/stm32cubeide/stm32cubeide/plugins/com.st.stm32cube.ide.mcu.externaltools.gnu-tools-for-stm32.9-2020-q2-update.win32_2.0.0.202105311346/tools/bin/../lib/gcc/arm-none-eabi/9.3.1/thumb/v7e-m+fp/hard/crtn.o
 .data          0x0000000000000000        0x0 c:/st/stm32cubeide/stm32cubeide/plugins/com.st.stm32cube.ide.mcu.externaltools.gnu-tools-for-stm32.9-2020-q2-update.win32_2.0.0.202105311346/tools/bin/../lib/gcc/arm-none-eabi/9.3.1/thumb/v7e-m+fp/hard/crtn.o
 .bss           0x0000000000000000        0x0 c:/st/stm32cubeide/stm32cubeide/plugins/com.st.stm32cube.ide.mcu.externaltools.gnu-tools-for-stm32.9-2020-q2-update.win32_2.0.0.202105311346/tools/bin/../lib/gcc/arm-none-eabi/9.3.1/thumb/v7e-m+fp/hard/crtn.o

Memory Configuration

Name             Origin             Length             Attributes
RAM              0x0000000020000000 0x0000000000050000 xrw
FLASH            0x0000000008000000 0x0000000000100000 xr
*default*        0x0000000000000000 0xffffffffffffffff

Linker script and memory map

LOAD c:/st/stm32cubeide/stm32cubeide/plugins/com.st.stm32cube.ide.mcu.externaltools.gnu-tools-for-stm32.9-2020-q2-update.win32_2.0.0.202105311346/tools/bin/../lib/gcc/arm-none-eabi/9.3.1/thumb/v7e-m+fp/hard/crti.o
LOAD c:/st/stm32cubeide/stm32cubeide/plugins/com.st.stm32cube.ide.mcu.externaltools.gnu-tools-for-stm32.9-2020-q2-update.win32_2.0.0.202105311346/tools/bin/../lib/gcc/arm-none-eabi/9.3.1/thumb/v7e-m+fp/hard/crtbegin.o
LOAD c:/st/stm32cubeide/stm32cubeide/plugins/com.st.stm32cube.ide.mcu.externaltools.gnu-tools-for-stm32.9-2020-q2-update.win32_2.0.0.202105311346/tools/bin/../lib/gcc/arm-none-eabi/9.3.1/../../../../arm-none-eabi/lib/thumb/v7e-m+fp/hard/crt0.o
LOAD ./Src/dma.o
LOAD ./Src/el_utils.o
LOAD ./Src/gpio.o
LOAD ./Src/main.o
LOAD ./Src/nvic.o
LOAD ./Src/qspi.o
LOAD ./Src/rcc.o
LOAD ./Src/syscalls.o
LOAD ./Src/sysmem.o
LOAD ./Src/systick.o
LOAD ./Src/usart.o
LOAD ./Startup/startup_stm32f746nghx.o
START GROUP
LOAD c:/st/stm32cubeide/stm32cubeide/plugins/com.st.stm32cube.ide.mcu.externaltools.gnu-tools-for-stm32.9-2020-q2-update.win32_2.0.0.202105311346/tools/bin/../lib/gcc/arm-none-eabi/9.3.1/../../../../arm-none-eabi/lib/thumb/v7e-m+fp/hard\libc_nano.a
LOAD c:/st/stm32cubeide/stm32cubeide/plugins/com.st.stm32cube.ide.mcu.externaltools.gnu-tools-for-stm32.9-2020-q2-update.win32_2.0.0.202105311346/tools/bin/../lib/gcc/arm-none-eabi/9.3.1/../../../../arm-none-eabi/lib/thumb/v7e-m+fp/hard\libm.a
END GROUP
START GROUP
LOAD c:/st/stm32cubeide/stm32cubeide/plugins/com.st.stm32cube.ide.mcu.externaltools.gnu-tools-for-stm32.9-2020-q2-update.win32_2.0.0.202105311346/tools/bin/../lib/gcc/arm-none-eabi/9.3.1/thumb/v7e-m+fp/hard\libgcc.a
LOAD c:/st/stm32cubeide/stm32cubeide/plugins/com.st.stm32cube.ide.mcu.externaltools.gnu-tools-for-stm32.9-2020-q2-update.win32_2.0.0.202105311346/tools/bin/../lib/gcc/arm-none-eabi/9.3.1/../../../../arm-none-eabi/lib/thumb/v7e-m+fp/hard\libc_nano.a
END GROUP
START GROUP
LOAD c:/st/stm32cubeide/stm32cubeide/plugins/com.st.stm32cube.ide.mcu.externaltools.gnu-tools-for-stm32.9-2020-q2-update.win32_2.0.0.202105311346/tools/bin/../lib/gcc/arm-none-eabi/9.3.1/thumb/v7e-m+fp/hard\libgcc.a
LOAD c:/st/stm32cubeide/stm32cubeide/plugins/com.st.stm32cube.ide.mcu.externaltools.gnu-tools-for-stm32.9-2020-q2-update.win32_2.0.0.202105311346/tools/bin/../lib/gcc/arm-none-eabi/9.3.1/../../../../arm-none-eabi/lib/thumb/v7e-m+fp/hard\libc_nano.a
LOAD c:/st/stm32cubeide/stm32cubeide/plugins/com.st.stm32cube.ide.mcu.externaltools.gnu-tools-for-stm32.9-2020-q2-update.win32_2.0.0.202105311346/tools/bin/../lib/gcc/arm-none-eabi/9.3.1/../../../../arm-none-eabi/lib/thumb/v7e-m+fp/hard\libnosys.a
END GROUP
START GROUP
LOAD c:/st/stm32cubeide/stm32cubeide/plugins/com.st.stm32cube.ide.mcu.externaltools.gnu-tools-for-stm32.9-2020-q2-update.win32_2.0.0.202105311346/tools/bin/../lib/gcc/arm-none-eabi/9.3.1/thumb/v7e-m+fp/hard\libgcc.a
LOAD c:/st/stm32cubeide/stm32cubeide/plugins/com.st.stm32cube.ide.mcu.externaltools.gnu-tools-for-stm32.9-2020-q2-update.win32_2.0.0.202105311346/tools/bin/../lib/gcc/arm-none-eabi/9.3.1/../../../../arm-none-eabi/lib/thumb/v7e-m+fp/hard\libc_nano.a
LOAD c:/st/stm32cubeide/stm32cubeide/plugins/com.st.stm32cube.ide.mcu.externaltools.gnu-tools-for-stm32.9-2020-q2-update.win32_2.0.0.202105311346/tools/bin/../lib/gcc/arm-none-eabi/9.3.1/../../../../arm-none-eabi/lib/thumb/v7e-m+fp/hard\libnosys.a
END GROUP
LOAD c:/st/stm32cubeide/stm32cubeide/plugins/com.st.stm32cube.ide.mcu.externaltools.gnu-tools-for-stm32.9-2020-q2-update.win32_2.0.0.202105311346/tools/bin/../lib/gcc/arm-none-eabi/9.3.1/thumb/v7e-m+fp/hard/crtend.o
LOAD c:/st/stm32cubeide/stm32cubeide/plugins/com.st.stm32cube.ide.mcu.externaltools.gnu-tools-for-stm32.9-2020-q2-update.win32_2.0.0.202105311346/tools/bin/../lib/gcc/arm-none-eabi/9.3.1/thumb/v7e-m+fp/hard/crtn.o
                0x0000000020050000                _estack = (ORIGIN (RAM) + LENGTH (RAM))
                0x0000000000000200                _Min_Heap_Size = 0x200
                0x0000000000000400                _Min_Stack_Size = 0x400

.isr_vector     0x0000000008000000      0x1c8
                0x0000000008000000                . = ALIGN (0x4)
 *(.isr_vector)
 .isr_vector    0x0000000008000000      0x1c8 ./Startup/startup_stm32f746nghx.o
                0x0000000008000000                g_pfnVectors
                0x00000000080001c8                . = ALIGN (0x4)

.text           0x00000000080001c8     0x134c
                0x00000000080001c8                . = ALIGN (0x4)
 *(.text)
 .text          0x00000000080001c8       0x40 c:/st/stm32cubeide/stm32cubeide/plugins/com.st.stm32cube.ide.mcu.externaltools.gnu-tools-for-stm32.9-2020-q2-update.win32_2.0.0.202105311346/tools/bin/../lib/gcc/arm-none-eabi/9.3.1/thumb/v7e-m+fp/hard/crtbegin.o
 *(.text*)
 .text.dma_reset_flags
                0x0000000008000208       0x30 ./Src/dma.o
                0x0000000008000208                dma_reset_flags
 .text.upperNibbleToAscii
                0x0000000008000238       0x30 ./Src/el_utils.o
                0x0000000008000238                upperNibbleToAscii
 .text.lowerNibbleToAscii
                0x0000000008000268       0x32 ./Src/el_utils.o
                0x0000000008000268                lowerNibbleToAscii
 .text.gpio_setup
                0x000000000800029a       0x14 ./Src/gpio.o
                0x000000000800029a                gpio_setup
 *fill*         0x00000000080002ae        0x2 
 .text.gpio_configure_quadspi
                0x00000000080002b0      0x1b4 ./Src/gpio.o
                0x00000000080002b0                gpio_configure_quadspi
 .text.gpio_configure_stm32f746disco_led1
                0x0000000008000464       0x48 ./Src/gpio.o
                0x0000000008000464                gpio_configure_stm32f746disco_led1
 .text.gpio_configure_usart1
                0x00000000080004ac       0xa0 ./Src/gpio.o
                0x00000000080004ac                gpio_configure_usart1
 .text.toggle_stm32f746disco_ld1
                0x000000000800054c       0x20 ./Src/gpio.o
                0x000000000800054c                toggle_stm32f746disco_ld1
 .text.main     0x000000000800056c      0x1fc ./Src/main.o
                0x000000000800056c                main
 .text.system_hw_setup
                0x0000000008000768       0x54 ./Src/main.o
                0x0000000008000768                system_hw_setup
 .text.printQspiFlashConfigs
                0x00000000080007bc      0x22c ./Src/main.o
                0x00000000080007bc                printQspiFlashConfigs
 .text.__NVIC_EnableIRQ
                0x00000000080009e8       0x3c ./Src/nvic.o
 .text.__NVIC_ClearPendingIRQ
                0x0000000008000a24       0x3c ./Src/nvic.o
 .text.__NVIC_SetPriority
                0x0000000008000a60       0x54 ./Src/nvic.o
 .text.nvic_setup
                0x0000000008000ab4       0x30 ./Src/nvic.o
                0x0000000008000ab4                nvic_setup
 .text.DMA2_Stream2_IRQHandler
                0x0000000008000ae4       0x2c ./Src/nvic.o
                0x0000000008000ae4                DMA2_Stream2_IRQHandler
 .text.DMA2_Stream7_IRQHandler
                0x0000000008000b10       0x2c ./Src/nvic.o
                0x0000000008000b10                DMA2_Stream7_IRQHandler
 .text.QSPI_setupIndirect
                0x0000000008000b3c       0x90 ./Src/qspi.o
                0x0000000008000b3c                QSPI_setupIndirect
 .text.QSPI_readRegister
                0x0000000008000bcc       0x8c ./Src/qspi.o
                0x0000000008000bcc                QSPI_readRegister
 .text.QSPI_indirectWriteInstruction
                0x0000000008000c58       0x54 ./Src/qspi.o
                0x0000000008000c58                QSPI_indirectWriteInstruction
 .text.QSPI_indirectWriteRegister
                0x0000000008000cac       0x74 ./Src/qspi.o
                0x0000000008000cac                QSPI_indirectWriteRegister
 .text.QSPI_readMemoryBytesQuad
                0x0000000008000d20       0x8c ./Src/qspi.o
                0x0000000008000d20                QSPI_readMemoryBytesQuad
 .text.QSPI_eraseQuad
                0x0000000008000dac       0x80 ./Src/qspi.o
                0x0000000008000dac                QSPI_eraseQuad
 .text.QSPI_programMemoryBytesQuad
                0x0000000008000e2c       0xc0 ./Src/qspi.o
                0x0000000008000e2c                QSPI_programMemoryBytesQuad
 .text.rcc_setup
                0x0000000008000eec       0x40 ./Src/rcc.o
                0x0000000008000eec                rcc_setup
 .text.rcc_quadspi
                0x0000000008000f2c       0x20 ./Src/rcc.o
                0x0000000008000f2c                rcc_quadspi
 .text.rcc_i2c3
                0x0000000008000f4c       0x20 ./Src/rcc.o
                0x0000000008000f4c                rcc_i2c3
 .text.rcc_gpio_porte
                0x0000000008000f6c       0x20 ./Src/rcc.o
                0x0000000008000f6c                rcc_gpio_porte
 .text.rcc_gpio_portd
                0x0000000008000f8c       0x20 ./Src/rcc.o
                0x0000000008000f8c                rcc_gpio_portd
 .text.rcc_gpio_porth
                0x0000000008000fac       0x20 ./Src/rcc.o
                0x0000000008000fac                rcc_gpio_porth
 .text.rcc_bsctmr6
                0x0000000008000fcc       0x20 ./Src/rcc.o
                0x0000000008000fcc                rcc_bsctmr6
 .text.rcc_bsctmr7
                0x0000000008000fec       0x20 ./Src/rcc.o
                0x0000000008000fec                rcc_bsctmr7
 .text.rcc_usart1
                0x000000000800100c       0x40 ./Src/rcc.o
                0x000000000800100c                rcc_usart1
 .text.rcc_gpio_porta
                0x000000000800104c       0x20 ./Src/rcc.o
                0x000000000800104c                rcc_gpio_porta
 .text.rcc_gpio_portb
                0x000000000800106c       0x20 ./Src/rcc.o
                0x000000000800106c                rcc_gpio_portb
 .text.rcc_gpio_porti
                0x000000000800108c       0x20 ./Src/rcc.o
                0x000000000800108c                rcc_gpio_porti
 .text.rcc_dma1
                0x00000000080010ac       0x20 ./Src/rcc.o
                0x00000000080010ac                rcc_dma1
 .text.rcc_dma2
                0x00000000080010cc       0x20 ./Src/rcc.o
                0x00000000080010cc                rcc_dma2
 .text.rcc_init
                0x00000000080010ec      0x140 ./Src/rcc.o
                0x00000000080010ec                rcc_init
 .text.systick_setup
                0x000000000800122c       0x4c ./Src/systick.o
                0x000000000800122c                systick_setup
 .text.SysTick_Handler
                0x0000000008001278       0x1c ./Src/systick.o
                0x0000000008001278                SysTick_Handler
 .text.millis   0x0000000008001294       0x18 ./Src/systick.o
                0x0000000008001294                millis
 .text.system_msdelay
                0x00000000080012ac       0x2c ./Src/systick.o
                0x00000000080012ac                system_msdelay
 .text.usart_enable
                0x00000000080012d8       0x20 ./Src/usart.o
                0x00000000080012d8                usart_enable
 .text.usart_enable_tx
                0x00000000080012f8       0x24 ./Src/usart.o
                0x00000000080012f8                usart_enable_tx
 .text.usart_enable_rx
                0x000000000800131c       0x24 ./Src/usart.o
                0x000000000800131c                usart_enable_rx
 .text.usart_dma_setup
                0x0000000008001340       0xd8 ./Src/usart.o
                0x0000000008001340                usart_dma_setup
 .text.usart_dma_sendArray
                0x0000000008001418       0x48 ./Src/usart.o
                0x0000000008001418                usart_dma_sendArray
 .text.Reset_Handler
                0x0000000008001460       0x50 ./Startup/startup_stm32f746nghx.o
                0x0000000008001460                Reset_Handler
 .text.Default_Handler
                0x00000000080014b0        0x2 ./Startup/startup_stm32f746nghx.o
                0x00000000080014b0                HASH_RNG_IRQHandler
                0x00000000080014b0                EXTI2_IRQHandler
                0x00000000080014b0                TIM8_CC_IRQHandler
                0x00000000080014b0                DebugMon_Handler
                0x00000000080014b0                UART8_IRQHandler
                0x00000000080014b0                SPI4_IRQHandler
                0x00000000080014b0                TIM1_CC_IRQHandler
                0x00000000080014b0                QuadSPI_IRQHandler
                0x00000000080014b0                DMA2_Stream5_IRQHandler
                0x00000000080014b0                HardFault_Handler
                0x00000000080014b0                DMA1_Stream5_IRQHandler
                0x00000000080014b0                PVD_IRQHandler
                0x00000000080014b0                TAMP_STAMP_IRQHandler
                0x00000000080014b0                PendSV_Handler
                0x00000000080014b0                NMI_Handler
                0x00000000080014b0                CAN2_RX1_IRQHandler
                0x00000000080014b0                EXTI3_IRQHandler
                0x00000000080014b0                TIM8_TRG_COM_TIM14_IRQHandler
                0x00000000080014b0                TIM1_UP_TIM10_IRQHandler
                0x00000000080014b0                TIM8_UP_TIM13_IRQHandler
                0x00000000080014b0                I2C3_ER_IRQHandler
                0x00000000080014b0                LCD_TFT_IRQHandler
                0x00000000080014b0                EXTI0_IRQHandler
                0x00000000080014b0                I2C2_EV_IRQHandler
                0x00000000080014b0                DMA1_Stream2_IRQHandler
                0x00000000080014b0                CAN1_RX0_IRQHandler
                0x00000000080014b0                FPU_IRQHandler
                0x00000000080014b0                OTG_HS_WKUP_IRQHandler
                0x00000000080014b0                UsageFault_Handler
                0x00000000080014b0                LTDC_ER_IRQHandler
                0x00000000080014b0                CAN2_SCE_IRQHandler
                0x00000000080014b0                SPI1_IRQHandler
                0x00000000080014b0                TIM6_DAC_IRQHandler
                0x00000000080014b0                TIM1_BRK_TIM9_IRQHandler
                0x00000000080014b0                DCMI_IRQHandler
                0x00000000080014b0                CAN2_RX0_IRQHandler
                0x00000000080014b0                DMA2_Stream3_IRQHandler
                0x00000000080014b0                RTC_ALARM_IRQHandler
                0x00000000080014b0                SAI2_IRQHandler
                0x00000000080014b0                USART6_IRQHandler
                0x00000000080014b0                USART3_IRQHandler
                0x00000000080014b0                CRYP_IRQHandler
                0x00000000080014b0                CAN1_RX1_IRQHandler
                0x00000000080014b0                UART5_IRQHandler
                0x00000000080014b0                DMA2_Stream0_IRQHandler
                0x00000000080014b0                TIM4_IRQHandler
                0x00000000080014b0                I2C1_EV_IRQHandler
                0x00000000080014b0                HDMI_CEC_IRQHandler
                0x00000000080014b0                DMA1_Stream6_IRQHandler
                0x00000000080014b0                DMA1_Stream1_IRQHandler
                0x00000000080014b0                UART4_IRQHandler
                0x00000000080014b0                TIM3_IRQHandler
                0x00000000080014b0                RCC_IRQHandler
                0x00000000080014b0                TIM8_BRK_TIM12_IRQHandler
                0x00000000080014b0                Default_Handler
                0x00000000080014b0                EXTI15_10_IRQHandler
                0x00000000080014b0                ADC_IRQHandler
                0x00000000080014b0                DMA1_Stream7_IRQHandler
                0x00000000080014b0                SPI5_IRQHandler
                0x00000000080014b0                LPTimer1_IRQHandler
                0x00000000080014b0                TIM7_IRQHandler
                0x00000000080014b0                SDMMC1_IRQHandler
                0x00000000080014b0                CAN2_TX_IRQHandler
                0x00000000080014b0                TIM5_IRQHandler
                0x00000000080014b0                I2C3_EV_IRQHandler
                0x00000000080014b0                EXTI9_5_IRQHandler
                0x00000000080014b0                RTC_WKUP_IRQHandler
                0x00000000080014b0                ETH_WKUP_IRQHandler
                0x00000000080014b0                SPI2_IRQHandler
                0x00000000080014b0                OTG_HS_EP1_IN_IRQHandler
                0x00000000080014b0                MemManage_Handler
                0x00000000080014b0                DMA1_Stream0_IRQHandler
                0x00000000080014b0                CAN1_TX_IRQHandler
                0x00000000080014b0                SVC_Handler
                0x00000000080014b0                EXTI4_IRQHandler
                0x00000000080014b0                ETH_IRQHandler
                0x00000000080014b0                OTG_HS_EP1_OUT_IRQHandler
                0x00000000080014b0                WWDG_IRQHandler
                0x00000000080014b0                SPI6_IRQHandler
                0x00000000080014b0                I2C4_EV_IRQHandler
                0x00000000080014b0                TIM2_IRQHandler
                0x00000000080014b0                OTG_FS_WKUP_IRQHandler
                0x00000000080014b0                TIM1_TRG_COM_TIM11_IRQHandler
                0x00000000080014b0                OTG_HS_IRQHandler
                0x00000000080014b0                DMA2D_IRQHandler
                0x00000000080014b0                EXTI1_IRQHandler
                0x00000000080014b0                UART7_IRQHandler
                0x00000000080014b0                USART2_IRQHandler
                0x00000000080014b0                I2C2_ER_IRQHandler
                0x00000000080014b0                SPDIFRX_IRQHandler
                0x00000000080014b0                DMA2_Stream1_IRQHandler
                0x00000000080014b0                CAN1_SCE_IRQHandler
                0x00000000080014b0                FLASH_IRQHandler
                0x00000000080014b0                DMA2_Stream4_IRQHandler
                0x00000000080014b0                BusFault_Handler
                0x00000000080014b0                USART1_IRQHandler
                0x00000000080014b0                OTG_FS_IRQHandler
                0x00000000080014b0                SPI3_IRQHandler
                0x00000000080014b0                DMA1_Stream4_IRQHandler
                0x00000000080014b0                I2C1_ER_IRQHandler
                0x00000000080014b0                FMC_IRQHandler
                0x00000000080014b0                I2C4_ER_IRQHandler
                0x00000000080014b0                DMA2_Stream6_IRQHandler
                0x00000000080014b0                SAI1_IRQHandler
                0x00000000080014b0                DMA1_Stream3_IRQHandler
 *fill*         0x00000000080014b2        0x2 
 .text.__libc_init_array
                0x00000000080014b4       0x48 c:/st/stm32cubeide/stm32cubeide/plugins/com.st.stm32cube.ide.mcu.externaltools.gnu-tools-for-stm32.9-2020-q2-update.win32_2.0.0.202105311346/tools/bin/../lib/gcc/arm-none-eabi/9.3.1/../../../../arm-none-eabi/lib/thumb/v7e-m+fp/hard\libc_nano.a(lib_a-init.o)
                0x00000000080014b4                __libc_init_array
 *(.glue_7)
 .glue_7        0x00000000080014fc        0x0 linker stubs
 *(.glue_7t)
 .glue_7t       0x00000000080014fc        0x0 linker stubs
 *(.eh_frame)
 .eh_frame      0x00000000080014fc        0x0 c:/st/stm32cubeide/stm32cubeide/plugins/com.st.stm32cube.ide.mcu.externaltools.gnu-tools-for-stm32.9-2020-q2-update.win32_2.0.0.202105311346/tools/bin/../lib/gcc/arm-none-eabi/9.3.1/thumb/v7e-m+fp/hard/crtbegin.o
 *(.init)
 .init          0x00000000080014fc        0x4 c:/st/stm32cubeide/stm32cubeide/plugins/com.st.stm32cube.ide.mcu.externaltools.gnu-tools-for-stm32.9-2020-q2-update.win32_2.0.0.202105311346/tools/bin/../lib/gcc/arm-none-eabi/9.3.1/thumb/v7e-m+fp/hard/crti.o
                0x00000000080014fc                _init
 .init          0x0000000008001500        0x8 c:/st/stm32cubeide/stm32cubeide/plugins/com.st.stm32cube.ide.mcu.externaltools.gnu-tools-for-stm32.9-2020-q2-update.win32_2.0.0.202105311346/tools/bin/../lib/gcc/arm-none-eabi/9.3.1/thumb/v7e-m+fp/hard/crtn.o
 *(.fini)
 .fini          0x0000000008001508        0x4 c:/st/stm32cubeide/stm32cubeide/plugins/com.st.stm32cube.ide.mcu.externaltools.gnu-tools-for-stm32.9-2020-q2-update.win32_2.0.0.202105311346/tools/bin/../lib/gcc/arm-none-eabi/9.3.1/thumb/v7e-m+fp/hard/crti.o
                0x0000000008001508                _fini
 .fini          0x000000000800150c        0x8 c:/st/stm32cubeide/stm32cubeide/plugins/com.st.stm32cube.ide.mcu.externaltools.gnu-tools-for-stm32.9-2020-q2-update.win32_2.0.0.202105311346/tools/bin/../lib/gcc/arm-none-eabi/9.3.1/thumb/v7e-m+fp/hard/crtn.o
                0x0000000008001514                . = ALIGN (0x4)
                0x0000000008001514                _etext = .

.vfp11_veneer   0x0000000008001514        0x0
 .vfp11_veneer  0x0000000008001514        0x0 linker stubs

.v4_bx          0x0000000008001514        0x0
 .v4_bx         0x0000000008001514        0x0 linker stubs

.iplt           0x0000000008001514        0x0
 .iplt          0x0000000008001514        0x0 c:/st/stm32cubeide/stm32cubeide/plugins/com.st.stm32cube.ide.mcu.externaltools.gnu-tools-for-stm32.9-2020-q2-update.win32_2.0.0.202105311346/tools/bin/../lib/gcc/arm-none-eabi/9.3.1/thumb/v7e-m+fp/hard/crtbegin.o

.rodata         0x0000000008001514       0xc4
                0x0000000008001514                . = ALIGN (0x4)
 *(.rodata)
 .rodata        0x0000000008001514       0xc3 ./Src/main.o
 *(.rodata*)
                0x00000000080015d8                . = ALIGN (0x4)
 *fill*         0x00000000080015d7        0x1 

.rel.dyn        0x00000000080015d8        0x0
 .rel.iplt      0x00000000080015d8        0x0 c:/st/stm32cubeide/stm32cubeide/plugins/com.st.stm32cube.ide.mcu.externaltools.gnu-tools-for-stm32.9-2020-q2-update.win32_2.0.0.202105311346/tools/bin/../lib/gcc/arm-none-eabi/9.3.1/thumb/v7e-m+fp/hard/crtbegin.o

.ARM.extab      0x00000000080015d8        0x0
                0x00000000080015d8                . = ALIGN (0x4)
 *(.ARM.extab* .gnu.linkonce.armextab.*)
                0x00000000080015d8                . = ALIGN (0x4)

.ARM            0x00000000080015d8        0x0
                0x00000000080015d8                . = ALIGN (0x4)
                0x00000000080015d8                __exidx_start = .
 *(.ARM.exidx*)
                0x00000000080015d8                __exidx_end = .
                0x00000000080015d8                . = ALIGN (0x4)

.preinit_array  0x00000000080015d8        0x0
                0x00000000080015d8                . = ALIGN (0x4)
                0x00000000080015d8                PROVIDE (__preinit_array_start = .)
 *(.preinit_array*)
                0x00000000080015d8                PROVIDE (__preinit_array_end = .)
                0x00000000080015d8                . = ALIGN (0x4)

.init_array     0x00000000080015d8        0x4
                0x00000000080015d8                . = ALIGN (0x4)
                0x00000000080015d8                PROVIDE (__init_array_start = .)
 *(SORT_BY_NAME(.init_array.*))
 *(.init_array*)
 .init_array    0x00000000080015d8        0x4 c:/st/stm32cubeide/stm32cubeide/plugins/com.st.stm32cube.ide.mcu.externaltools.gnu-tools-for-stm32.9-2020-q2-update.win32_2.0.0.202105311346/tools/bin/../lib/gcc/arm-none-eabi/9.3.1/thumb/v7e-m+fp/hard/crtbegin.o
                0x00000000080015dc                PROVIDE (__init_array_end = .)
                0x00000000080015dc                . = ALIGN (0x4)

.fini_array     0x00000000080015dc        0x4
                0x00000000080015dc                . = ALIGN (0x4)
                [!provide]                        PROVIDE (__fini_array_start = .)
 *(SORT_BY_NAME(.fini_array.*))
 *(.fini_array*)
 .fini_array    0x00000000080015dc        0x4 c:/st/stm32cubeide/stm32cubeide/plugins/com.st.stm32cube.ide.mcu.externaltools.gnu-tools-for-stm32.9-2020-q2-update.win32_2.0.0.202105311346/tools/bin/../lib/gcc/arm-none-eabi/9.3.1/thumb/v7e-m+fp/hard/crtbegin.o
                [!provide]                        PROVIDE (__fini_array_end = .)
                0x00000000080015e0                . = ALIGN (0x4)
                0x00000000080015e0                _sidata = LOADADDR (.data)

.data           0x0000000020000000        0x0 load address 0x00000000080015e0
                0x0000000020000000                . = ALIGN (0x4)
                0x0000000020000000                _sdata = .
 *(.data)
 *(.data*)
 *(.RamFunc)
 *(.RamFunc*)
                0x0000000020000000                . = ALIGN (0x4)
                0x0000000020000000                _edata = .

.igot.plt       0x0000000020000000        0x0 load address 0x00000000080015e0
 .igot.plt      0x0000000020000000        0x0 c:/st/stm32cubeide/stm32cubeide/plugins/com.st.stm32cube.ide.mcu.externaltools.gnu-tools-for-stm32.9-2020-q2-update.win32_2.0.0.202105311346/tools/bin/../lib/gcc/arm-none-eabi/9.3.1/thumb/v7e-m+fp/hard/crtbegin.o
                0x0000000020000000                . = ALIGN (0x4)

.bss            0x0000000020000000       0x20 load address 0x00000000080015e0
                0x0000000020000000                _sbss = .
                0x0000000020000000                __bss_start__ = _sbss
 *(.bss)
 .bss           0x0000000020000000       0x1c c:/st/stm32cubeide/stm32cubeide/plugins/com.st.stm32cube.ide.mcu.externaltools.gnu-tools-for-stm32.9-2020-q2-update.win32_2.0.0.202105311346/tools/bin/../lib/gcc/arm-none-eabi/9.3.1/thumb/v7e-m+fp/hard/crtbegin.o
 *(.bss*)
 *(COMMON)
 COMMON         0x000000002000001c        0x4 ./Src/systick.o
                0x000000002000001c                SYSTEM_MS
                0x0000000020000020                . = ALIGN (0x4)
                0x0000000020000020                _ebss = .
                0x0000000020000020                __bss_end__ = _ebss

._user_heap_stack
                0x0000000020000020      0x600 load address 0x00000000080015e0
                0x0000000020000020                . = ALIGN (0x8)
                [!provide]                        PROVIDE (end = .)
                0x0000000020000020                PROVIDE (_end = .)
                0x0000000020000220                . = (. + _Min_Heap_Size)
 *fill*         0x0000000020000020      0x200 
                0x0000000020000620                . = (. + _Min_Stack_Size)
 *fill*         0x0000000020000220      0x400 
                0x0000000020000620                . = ALIGN (0x8)

/DISCARD/
 libc.a(*)
 libm.a(*)
 libgcc.a(*)

.ARM.attributes
                0x0000000000000000       0x30
 *(.ARM.attributes)
 .ARM.attributes
                0x0000000000000000       0x1e c:/st/stm32cubeide/stm32cubeide/plugins/com.st.stm32cube.ide.mcu.externaltools.gnu-tools-for-stm32.9-2020-q2-update.win32_2.0.0.202105311346/tools/bin/../lib/gcc/arm-none-eabi/9.3.1/thumb/v7e-m+fp/hard/crti.o
 .ARM.attributes
                0x000000000000001e       0x34 c:/st/stm32cubeide/stm32cubeide/plugins/com.st.stm32cube.ide.mcu.externaltools.gnu-tools-for-stm32.9-2020-q2-update.win32_2.0.0.202105311346/tools/bin/../lib/gcc/arm-none-eabi/9.3.1/thumb/v7e-m+fp/hard/crtbegin.o
 .ARM.attributes
                0x0000000000000052       0x34 ./Src/dma.o
 .ARM.attributes
                0x0000000000000086       0x34 ./Src/el_utils.o
 .ARM.attributes
                0x00000000000000ba       0x34 ./Src/gpio.o
 .ARM.attributes
                0x00000000000000ee       0x34 ./Src/main.o
 .ARM.attributes
                0x0000000000000122       0x34 ./Src/nvic.o
 .ARM.attributes
                0x0000000000000156       0x34 ./Src/qspi.o
 .ARM.attributes
                0x000000000000018a       0x34 ./Src/rcc.o
 .ARM.attributes
                0x00000000000001be       0x34 ./Src/systick.o
 .ARM.attributes
                0x00000000000001f2       0x34 ./Src/usart.o
 .ARM.attributes
                0x0000000000000226       0x21 ./Startup/startup_stm32f746nghx.o
 .ARM.attributes
                0x0000000000000247       0x34 c:/st/stm32cubeide/stm32cubeide/plugins/com.st.stm32cube.ide.mcu.externaltools.gnu-tools-for-stm32.9-2020-q2-update.win32_2.0.0.202105311346/tools/bin/../lib/gcc/arm-none-eabi/9.3.1/../../../../arm-none-eabi/lib/thumb/v7e-m+fp/hard\libc_nano.a(lib_a-init.o)
 .ARM.attributes
                0x000000000000027b       0x1e c:/st/stm32cubeide/stm32cubeide/plugins/com.st.stm32cube.ide.mcu.externaltools.gnu-tools-for-stm32.9-2020-q2-update.win32_2.0.0.202105311346/tools/bin/../lib/gcc/arm-none-eabi/9.3.1/thumb/v7e-m+fp/hard/crtn.o
OUTPUT(0_try6.elf elf32-littlearm)
LOAD linker stubs
LOAD c:/st/stm32cubeide/stm32cubeide/plugins/com.st.stm32cube.ide.mcu.externaltools.gnu-tools-for-stm32.9-2020-q2-update.win32_2.0.0.202105311346/tools/bin/../lib/gcc/arm-none-eabi/9.3.1/../../../../arm-none-eabi/lib/thumb/v7e-m+fp/hard\libc.a
LOAD c:/st/stm32cubeide/stm32cubeide/plugins/com.st.stm32cube.ide.mcu.externaltools.gnu-tools-for-stm32.9-2020-q2-update.win32_2.0.0.202105311346/tools/bin/../lib/gcc/arm-none-eabi/9.3.1/../../../../arm-none-eabi/lib/thumb/v7e-m+fp/hard\libm.a
LOAD c:/st/stm32cubeide/stm32cubeide/plugins/com.st.stm32cube.ide.mcu.externaltools.gnu-tools-for-stm32.9-2020-q2-update.win32_2.0.0.202105311346/tools/bin/../lib/gcc/arm-none-eabi/9.3.1/thumb/v7e-m+fp/hard\libgcc.a

.debug_info     0x0000000000000000     0x25e6
 .debug_info    0x0000000000000000      0x19e ./Src/dma.o
 .debug_info    0x000000000000019e      0x16d ./Src/el_utils.o
 .debug_info    0x000000000000030b      0x227 ./Src/gpio.o
 .debug_info    0x0000000000000532      0x409 ./Src/main.o
 .debug_info    0x000000000000093b      0x9ab ./Src/nvic.o
 .debug_info    0x00000000000012e6      0x3ad ./Src/qspi.o
 .debug_info    0x0000000000001693      0x549 ./Src/rcc.o
 .debug_info    0x0000000000001bdc      0x59d ./Src/systick.o
 .debug_info    0x0000000000002179      0x44b ./Src/usart.o
 .debug_info    0x00000000000025c4       0x22 ./Startup/startup_stm32f746nghx.o

.debug_abbrev   0x0000000000000000      0xae8
 .debug_abbrev  0x0000000000000000       0xe7 ./Src/dma.o
 .debug_abbrev  0x00000000000000e7       0xcd ./Src/el_utils.o
 .debug_abbrev  0x00000000000001b4       0xf6 ./Src/gpio.o
 .debug_abbrev  0x00000000000002aa      0x166 ./Src/main.o
 .debug_abbrev  0x0000000000000410      0x1ab ./Src/nvic.o
 .debug_abbrev  0x00000000000005bb      0x150 ./Src/qspi.o
 .debug_abbrev  0x000000000000070b      0x123 ./Src/rcc.o
 .debug_abbrev  0x000000000000082e      0x183 ./Src/systick.o
 .debug_abbrev  0x00000000000009b1      0x125 ./Src/usart.o
 .debug_abbrev  0x0000000000000ad6       0x12 ./Startup/startup_stm32f746nghx.o

.debug_aranges  0x0000000000000000      0x2c0
 .debug_aranges
                0x0000000000000000       0x20 ./Src/dma.o
 .debug_aranges
                0x0000000000000020       0x28 ./Src/el_utils.o
 .debug_aranges
                0x0000000000000048       0x40 ./Src/gpio.o
 .debug_aranges
                0x0000000000000088       0x30 ./Src/main.o
 .debug_aranges
                0x00000000000000b8       0x48 ./Src/nvic.o
 .debug_aranges
                0x0000000000000100       0x50 ./Src/qspi.o
 .debug_aranges
                0x0000000000000150       0xb0 ./Src/rcc.o
 .debug_aranges
                0x0000000000000200       0x38 ./Src/systick.o
 .debug_aranges
                0x0000000000000238       0x60 ./Src/usart.o
 .debug_aranges
                0x0000000000000298       0x28 ./Startup/startup_stm32f746nghx.o

.debug_ranges   0x0000000000000000      0x228
 .debug_ranges  0x0000000000000000       0x10 ./Src/dma.o
 .debug_ranges  0x0000000000000010       0x18 ./Src/el_utils.o
 .debug_ranges  0x0000000000000028       0x30 ./Src/gpio.o
 .debug_ranges  0x0000000000000058       0x20 ./Src/main.o
 .debug_ranges  0x0000000000000078       0x38 ./Src/nvic.o
 .debug_ranges  0x00000000000000b0       0x40 ./Src/qspi.o
 .debug_ranges  0x00000000000000f0       0xa0 ./Src/rcc.o
 .debug_ranges  0x0000000000000190       0x28 ./Src/systick.o
 .debug_ranges  0x00000000000001b8       0x50 ./Src/usart.o
 .debug_ranges  0x0000000000000208       0x20 ./Startup/startup_stm32f746nghx.o

.debug_macro    0x0000000000000000    0x1bf39
 .debug_macro   0x0000000000000000       0xc7 ./Src/dma.o
 .debug_macro   0x00000000000000c7      0xaae ./Src/dma.o
 .debug_macro   0x0000000000000b75       0x3b ./Src/dma.o
 .debug_macro   0x0000000000000bb0       0x22 ./Src/dma.o
 .debug_macro   0x0000000000000bd2       0x8e ./Src/dma.o
 .debug_macro   0x0000000000000c60       0x51 ./Src/dma.o
 .debug_macro   0x0000000000000cb1      0x103 ./Src/dma.o
 .debug_macro   0x0000000000000db4       0x6a ./Src/dma.o
 .debug_macro   0x0000000000000e1e      0x1df ./Src/dma.o
 .debug_macro   0x0000000000000ffd       0x1c ./Src/dma.o
 .debug_macro   0x0000000000001019       0x22 ./Src/dma.o
 .debug_macro   0x000000000000103b       0xdf ./Src/dma.o
 .debug_macro   0x000000000000111a     0x12cd ./Src/dma.o
 .debug_macro   0x00000000000023e7      0x11f ./Src/dma.o
 .debug_macro   0x0000000000002506       0x19 ./Src/dma.o
 .debug_macro   0x000000000000251f    0x190f0 ./Src/dma.o
 .debug_macro   0x000000000001b60f       0xc7 ./Src/el_utils.o
 .debug_macro   0x000000000001b6d6       0xc7 ./Src/gpio.o
 .debug_macro   0x000000000001b79d      0x142 ./Src/main.o
 .debug_macro   0x000000000001b8df       0x2e ./Src/main.o
 .debug_macro   0x000000000001b90d       0x43 ./Src/main.o
 .debug_macro   0x000000000001b950      0x18a ./Src/main.o
 .debug_macro   0x000000000001bada       0x4c ./Src/main.o
 .debug_macro   0x000000000001bb26       0xd5 ./Src/nvic.o
 .debug_macro   0x000000000001bbfb       0xd5 ./Src/qspi.o
 .debug_macro   0x000000000001bcd0       0xc7 ./Src/rcc.o
 .debug_macro   0x000000000001bd97       0xdb ./Src/systick.o
 .debug_macro   0x000000000001be72       0xc7 ./Src/usart.o

.debug_line     0x0000000000000000     0x30b8
 .debug_line    0x0000000000000000      0x3f4 ./Src/dma.o
 .debug_line    0x00000000000003f4      0x422 ./Src/el_utils.o
 .debug_line    0x0000000000000816      0x5ab ./Src/gpio.o
 .debug_line    0x0000000000000dc1      0x60c ./Src/main.o
 .debug_line    0x00000000000013cd      0x4db ./Src/nvic.o
 .debug_line    0x00000000000018a8      0x771 ./Src/qspi.o
 .debug_line    0x0000000000002019      0x657 ./Src/rcc.o
 .debug_line    0x0000000000002670      0x472 ./Src/systick.o
 .debug_line    0x0000000000002ae2      0x552 ./Src/usart.o
 .debug_line    0x0000000000003034       0x84 ./Startup/startup_stm32f746nghx.o

.debug_str      0x0000000000000000    0x9c614
 .debug_str     0x0000000000000000    0x9a2e6 ./Src/dma.o
                                      0x9a484 (size before relaxing)
 .debug_str     0x000000000009a2e6       0x4b ./Src/el_utils.o
                                      0x9a488 (size before relaxing)
 .debug_str     0x000000000009a331       0xbe ./Src/gpio.o
                                      0x9a4fb (size before relaxing)
 .debug_str     0x000000000009a3ef     0x15eb ./Src/main.o
                                      0x9ba68 (size before relaxing)
 .debug_str     0x000000000009b9da      0x77b ./Src/nvic.o
                                      0x9ac4d (size before relaxing)
 .debug_str     0x000000000009c155      0x133 ./Src/qspi.o
                                      0x9b6ec (size before relaxing)
 .debug_str     0x000000000009c288      0x20e ./Src/rcc.o
                                      0x9a699 (size before relaxing)
 .debug_str     0x000000000009c496       0x7e ./Src/systick.o
                                      0x9a63a (size before relaxing)
 .debug_str     0x000000000009c514       0xcf ./Src/usart.o
                                      0x9a573 (size before relaxing)
 .debug_str     0x000000000009c5e3       0x31 ./Startup/startup_stm32f746nghx.o
                                         0x5e (size before relaxing)

.comment        0x0000000000000000       0x53
 .comment       0x0000000000000000       0x53 ./Src/dma.o
                                         0x54 (size before relaxing)
 .comment       0x0000000000000053       0x54 ./Src/el_utils.o
 .comment       0x0000000000000053       0x54 ./Src/gpio.o
 .comment       0x0000000000000053       0x54 ./Src/main.o
 .comment       0x0000000000000053       0x54 ./Src/nvic.o
 .comment       0x0000000000000053       0x54 ./Src/qspi.o
 .comment       0x0000000000000053       0x54 ./Src/rcc.o
 .comment       0x0000000000000053       0x54 ./Src/systick.o
 .comment       0x0000000000000053       0x54 ./Src/usart.o

.debug_frame    0x0000000000000000      0x86c
 .debug_frame   0x0000000000000000       0x38 ./Src/dma.o
 .debug_frame   0x0000000000000038       0x60 ./Src/el_utils.o
 .debug_frame   0x0000000000000098       0xac ./Src/gpio.o
 .debug_frame   0x0000000000000144       0x7c ./Src/main.o
 .debug_frame   0x00000000000001c0       0xe4 ./Src/nvic.o
 .debug_frame   0x00000000000002a4      0x114 ./Src/qspi.o
 .debug_frame   0x00000000000003b8      0x274 ./Src/rcc.o
 .debug_frame   0x000000000000062c       0x9c ./Src/systick.o
 .debug_frame   0x00000000000006c8      0x178 ./Src/usart.o
 .debug_frame   0x0000000000000840       0x2c c:/st/stm32cubeide/stm32cubeide/plugins/com.st.stm32cube.ide.mcu.externaltools.gnu-tools-for-stm32.9-2020-q2-update.win32_2.0.0.202105311346/tools/bin/../lib/gcc/arm-none-eabi/9.3.1/../../../../arm-none-eabi/lib/thumb/v7e-m+fp/hard\libc_nano.a(lib_a-init.o)
