rcc.c:25:6:rcc_setup	8	static
rcc.c:43:6:rcc_quadspi	4	static
rcc.c:47:6:rcc_i2c3	4	static
rcc.c:51:6:rcc_gpio_porte	4	static
rcc.c:55:6:rcc_gpio_portd	4	static
rcc.c:59:6:rcc_gpio_porth	4	static
rcc.c:63:6:rcc_gptimer12	4	static
rcc.c:66:6:rcc_gptimer5	4	static
rcc.c:69:6:rcc_gptimer3	4	static
rcc.c:72:6:rcc_advtmr1	4	static
rcc.c:75:6:rcc_bsctmr6	4	static
rcc.c:78:6:rcc_bsctmr7	4	static
rcc.c:81:6:rcc_usart1	4	static
rcc.c:86:6:rcc_gpio_porta	4	static
rcc.c:89:6:rcc_gpio_portb	4	static
rcc.c:92:6:rcc_gpio_porti	4	static
rcc.c:95:6:rcc_dma1	4	static
rcc.c:98:6:rcc_dma2	4	static
rcc.c:101:6:rcc_init	16	static
